<html>
<body>
<pre>
<h1>µVision Build Log</h1>
<h2>Tool Versions:</h2>
IDE-Version: ¦ÌVision V5.21.1.0
Copyright (C) 2016 ARM Ltd and ARM Germany GmbH. All rights reserved.
License Information: xichen liu, ccc, LIC=IK1BF-6F1CX-AREXW-QIB6E-S74G6-WNRQM
 
Tool Versions:
Toolchain:       MDK-ARM Plus  Version: 5.21a
Toolchain Path:  C:\MDK5.36\ARM\ARMCC\Bin
C Compiler:      Armcc.exe V5.06 update 3 (build 300)
Assembler:       Armasm.exe V5.06 update 3 (build 300)
Linker/Locator:  ArmLink.exe V5.06 update 3 (build 300)
Library Manager: ArmAr.exe V5.06 update 3 (build 300)
Hex Converter:   FromElf.exe V5.06 update 3 (build 300)
CPU DLL:         SARMCM3.DLL V5.21a
Dialog DLL:      DCM.DLL V1.13.8.0
Target DLL:      STLink\ST-LINKIII-KEIL_SWO.dll V2.0.18.0
Dialog DLL:      TCM.DLL V1.14.14.0
 
<h2>Project:</h2>
C:\Users\10746\Desktop\embedded\my_PROJ\key_in_fatfs_MFRC\Fwlib-Template\Project\BH-F103.uvprojx
Project File Date:  01/28/2024

<h2>Output:</h2>
*** Using Compiler 'V5.06 update 3 (build 300)', folder: 'C:\MDK5.36\ARM\ARMCC\Bin'
Rebuild target 'Target 1'
assembling startup_stm32f10x_hd.s...
compiling stm32f10x_flash.c...
compiling core_cm3.c...
compiling stm32f10x_exti.c...
compiling stm32f10x_adc.c...
compiling misc.c...
compiling stm32f10x_crc.c...
compiling stm32f10x_dbgmcu.c...
compiling stm32f10x_dac.c...
compiling stm32f10x_bkp.c...
compiling system_stm32f10x.c...
compiling stm32f10x_cec.c...
compiling stm32f10x_dma.c...
compiling stm32f10x_fsmc.c...
compiling stm32f10x_can.c...
compiling stm32f10x_gpio.c...
compiling stm32f10x_i2c.c...
compiling stm32f10x_iwdg.c...
compiling stm32f10x_pwr.c...
compiling stm32f10x_rtc.c...
compiling stm32f10x_rcc.c...
compiling stm32f10x_sdio.c...
compiling stm32f10x_spi.c...
compiling Touch_Task.c...
compiling stm32f10x_usart.c...
compiling stm32f10x_wwdg.c...
compiling stm32f10x_tim.c...
compiling event_groups.c...
compiling heap_4.c...
compiling stm32f10x_it.c...
compiling list.c...
compiling FatFs_test.c...
compiling timers.c...
compiling queue.c...
compiling test.c...
..\User\test.h(4): warning:  #1-D: last line of file ends without a newline
  void test(void);
..\User\test.c(29): warning:  #111-D: statement is unreachable
     
askEXIT_CRITICAL();
..\User\test.c: 2 warnings, 0 errors
compiling tasks.c...
compiling port.c...
compiling WIDGET_ButtonSimple.c...
..\User\WIDGET_ButtonSimple.h(70): warning:  #1-D: last line of file ends without a newline
  int compare_key();
..\User\WIDGET_ButtonSimple.h(70): warning:  #1295-D: Deprecated declaration compare_key - give arg types
  int compare_key();
..\User\WIDGET_ButtonSimple.c(73): warning:  #546-D: transfer of control bypasses initialization of:
            variable "flag" (declared at line 81)
              switch (NCode) {
              ^
..\User\WIDGET_ButtonSimple.c(89): warning:  #546-D: transfer of control bypasses initialization of:
            variable "flag" (declared at line 97)
              switch (NCode) {
              ^
..\User\WIDGET_ButtonSimple.c(105): warning:  #546-D: transfer of control bypasses initialization of:
            variable "flag" (declared at line 113)
              switch (NCode) {
              ^
..\User\WIDGET_ButtonSimple.c(121): warning:  #546-D: transfer of control bypasses initialization of:
            variable "flag" (declared at line 129)
              switch (NCode) {
              ^
..\User\WIDGET_ButtonSimple.c(137): warning:  #546-D: transfer of control bypasses initialization of:
            variable "flag" (declared at line 145)
              switch (NCode) {
              ^
..\User\WIDGET_ButtonSimple.c(153): warning:  #546-D: transfer of control bypasses initialization of:
            variable "flag" (declared at line 161)
              switch (NCode) {
              ^
..\User\WIDGET_ButtonSimple.c(169): warning:  #546-D: transfer of control bypasses initialization of:
            variable "flag" (declared at line 177)
              switch (NCode) {
              ^
..\User\WIDGET_ButtonSimple.c(185): warning:  #546-D: transfer of control bypasses initialization of:
            variable "flag" (declared at line 193)
              switch (NCode) {
              ^
..\User\WIDGET_ButtonSimple.c(201): warning:  #546-D: transfer of control bypasses initialization of:
            variable "flag" (declared at line 209)
              switch (NCode) {
              ^
..\User\WIDGET_ButtonSimple.c(217): warning:  #546-D: transfer of control bypasses initialization of:
            variable "flag" (declared at line 225)
              switch (NCode) {
              ^
..\User\WIDGET_ButtonSimple.c(233): warning:  #546-D: transfer of control bypasses initialization of:
            variable "flag" (declared at line 239)
              switch (NCode) {
              ^
..\User\WIDGET_ButtonSimple.c(32): warning:  #177-D: variable "button_3_flag" was declared but never referenced
      static U8 button_3_flag = 0, button_4_flag = 0;
..\User\WIDGET_ButtonSimple.c(32): warning:  #177-D: variable "button_4_flag" was declared but never referenced
      static U8 button_3_flag = 0, button_4_flag = 0;
..\User\WIDGET_ButtonSimple.c(589): warning:  #1-D: last line of file ends without a newline
  }
..\User\WIDGET_ButtonSimple.c: 16 warnings, 0 errors
compiling GUI_X_FreeRTOS.c...
compiling MainTask.c...
compiling GUI_X_Touch_Analog.c...
compiling main.c...
..\User\WIDGET_ButtonSimple.h(70): warning:  #1-D: last line of file ends without a newline
  int compare_key();
..\User\WIDGET_ButtonSimple.h(70): warning:  #1295-D: Deprecated declaration compare_key - give arg types
  int compare_key();
..\User\FatFs_test.h(6): warning:  #1-D: last line of file ends without a newline
  void FatFs_test(void);
..\User\test.h(4): warning:  #1-D: last line of file ends without a newline
  void test(void);
..\User\main.c(77): warning:  #550-D: variable "xReturn" was set but never used
      BaseType_t xReturn = pdPASS;
..\User\main.c(111): warning:  #1-D: last line of file ends without a newline
  }
..\User\main.c: 6 warnings, 0 errors
compiling bsp_spi_flash.c...
compiling LCDConf_FlexColor_Template.c...
compiling GUIConf.c...
compiling bsp_fsmc_sram.c...
compiling bsp_usart.c...
compiling bsp_xpt2046_lcd.c...
compiling bsp_ili9341_lcd.c...
compiling PWM.c...
compiling bsp_led.c...
compiling bsp_key.c...
compiling bsp_sdio_sdcard.c...
compiling cc936.c...
compiling diskio.c...
compiling bsp_MFRC.c...
compiling ff.c...
linking...
Program Size: Code=11264 RO-data=336 RW-data=168 ZI-data=25800  
FromELF: creating hex file...
".\Objects\BH-F103.axf" - 0 Error(s), 24 Warning(s).

<h2>Collection of Component include folders:</h2>
  C:\Users\10746\Desktop\embedded\my_PROJ\key_in_fatfs_MFRC\Fwlib-Template\Project\RTE
  C:\MDK5.36\Packs\Keil\STM32F1xx_DFP\2.4.0\Device\Include

<h2>Collection of Component Files used:</h2>
Build Time Elapsed:  00:00:04
</pre>
</body>
</html>
