Component: ARM Compiler 5.06 update 3 (build 300) Tool: armlink [4d35c9]

==============================================================================

Section Cross References

    startup_stm32f10x_hd.o(RESET) refers to startup_stm32f10x_hd.o(STACK) for __initial_sp
    startup_stm32f10x_hd.o(RESET) refers to startup_stm32f10x_hd.o(.text) for Reset_Handler
    startup_stm32f10x_hd.o(RESET) refers to stm32f10x_it.o(i.NMI_Handler) for NMI_Handler
    startup_stm32f10x_hd.o(RESET) refers to stm32f10x_it.o(i.HardFault_Handler) for HardFault_Handler
    startup_stm32f10x_hd.o(RESET) refers to stm32f10x_it.o(i.MemManage_Handler) for MemManage_Handler
    startup_stm32f10x_hd.o(RESET) refers to stm32f10x_it.o(i.BusFault_Handler) for BusFault_Handler
    startup_stm32f10x_hd.o(RESET) refers to stm32f10x_it.o(i.UsageFault_Handler) for UsageFault_Handler
    startup_stm32f10x_hd.o(RESET) refers to port.o(.emb_text) for vPortSVCHandler
    startup_stm32f10x_hd.o(RESET) refers to stm32f10x_it.o(i.DebugMon_Handler) for DebugMon_Handler
    startup_stm32f10x_hd.o(RESET) refers to port.o(i.xPortSysTickHandler) for xPortSysTickHandler
    startup_stm32f10x_hd.o(RESET) refers to main.o(i.EXTI0_IRQHandler) for EXTI0_IRQHandler
    startup_stm32f10x_hd.o(.text) refers to system_stm32f10x.o(i.SystemInit) for SystemInit
    startup_stm32f10x_hd.o(.text) refers to entry.o(.ARM.Collect$$$$00000000) for __main
    system_stm32f10x.o(i.SetSysClock) refers to system_stm32f10x.o(i.SetSysClockTo72) for SetSysClockTo72
    system_stm32f10x.o(i.SystemCoreClockUpdate) refers to system_stm32f10x.o(.data) for SystemCoreClock
    system_stm32f10x.o(i.SystemInit) refers to system_stm32f10x.o(i.SetSysClock) for SetSysClock
    stm32f10x_adc.o(i.ADC_DeInit) refers to stm32f10x_rcc.o(i.RCC_APB2PeriphResetCmd) for RCC_APB2PeriphResetCmd
    stm32f10x_bkp.o(i.BKP_DeInit) refers to stm32f10x_rcc.o(i.RCC_BackupResetCmd) for RCC_BackupResetCmd
    stm32f10x_can.o(i.CAN_DeInit) refers to stm32f10x_rcc.o(i.RCC_APB1PeriphResetCmd) for RCC_APB1PeriphResetCmd
    stm32f10x_can.o(i.CAN_GetITStatus) refers to stm32f10x_can.o(i.CheckITStatus) for CheckITStatus
    stm32f10x_cec.o(i.CEC_DeInit) refers to stm32f10x_rcc.o(i.RCC_APB1PeriphResetCmd) for RCC_APB1PeriphResetCmd
    stm32f10x_dac.o(i.DAC_DeInit) refers to stm32f10x_rcc.o(i.RCC_APB1PeriphResetCmd) for RCC_APB1PeriphResetCmd
    stm32f10x_flash.o(i.FLASH_EnableWriteProtection) refers to stm32f10x_flash.o(i.FLASH_WaitForLastOperation) for FLASH_WaitForLastOperation
    stm32f10x_flash.o(i.FLASH_EraseAllBank1Pages) refers to stm32f10x_flash.o(i.FLASH_WaitForLastBank1Operation) for FLASH_WaitForLastBank1Operation
    stm32f10x_flash.o(i.FLASH_EraseAllPages) refers to stm32f10x_flash.o(i.FLASH_WaitForLastOperation) for FLASH_WaitForLastOperation
    stm32f10x_flash.o(i.FLASH_EraseOptionBytes) refers to stm32f10x_flash.o(i.FLASH_GetReadOutProtectionStatus) for FLASH_GetReadOutProtectionStatus
    stm32f10x_flash.o(i.FLASH_EraseOptionBytes) refers to stm32f10x_flash.o(i.FLASH_WaitForLastOperation) for FLASH_WaitForLastOperation
    stm32f10x_flash.o(i.FLASH_ErasePage) refers to stm32f10x_flash.o(i.FLASH_WaitForLastOperation) for FLASH_WaitForLastOperation
    stm32f10x_flash.o(i.FLASH_ProgramHalfWord) refers to stm32f10x_flash.o(i.FLASH_WaitForLastOperation) for FLASH_WaitForLastOperation
    stm32f10x_flash.o(i.FLASH_ProgramOptionByteData) refers to stm32f10x_flash.o(i.FLASH_WaitForLastOperation) for FLASH_WaitForLastOperation
    stm32f10x_flash.o(i.FLASH_ProgramWord) refers to stm32f10x_flash.o(i.FLASH_WaitForLastOperation) for FLASH_WaitForLastOperation
    stm32f10x_flash.o(i.FLASH_ReadOutProtection) refers to stm32f10x_flash.o(i.FLASH_WaitForLastOperation) for FLASH_WaitForLastOperation
    stm32f10x_flash.o(i.FLASH_UserOptionByteConfig) refers to stm32f10x_flash.o(i.FLASH_WaitForLastOperation) for FLASH_WaitForLastOperation
    stm32f10x_flash.o(i.FLASH_WaitForLastBank1Operation) refers to stm32f10x_flash.o(i.FLASH_GetBank1Status) for FLASH_GetBank1Status
    stm32f10x_flash.o(i.FLASH_WaitForLastOperation) refers to stm32f10x_flash.o(i.FLASH_GetBank1Status) for FLASH_GetBank1Status
    stm32f10x_gpio.o(i.GPIO_AFIODeInit) refers to stm32f10x_rcc.o(i.RCC_APB2PeriphResetCmd) for RCC_APB2PeriphResetCmd
    stm32f10x_gpio.o(i.GPIO_DeInit) refers to stm32f10x_rcc.o(i.RCC_APB2PeriphResetCmd) for RCC_APB2PeriphResetCmd
    stm32f10x_i2c.o(i.I2C_DeInit) refers to stm32f10x_rcc.o(i.RCC_APB1PeriphResetCmd) for RCC_APB1PeriphResetCmd
    stm32f10x_i2c.o(i.I2C_Init) refers to stm32f10x_rcc.o(i.RCC_GetClocksFreq) for RCC_GetClocksFreq
    stm32f10x_pwr.o(i.PWR_DeInit) refers to stm32f10x_rcc.o(i.RCC_APB1PeriphResetCmd) for RCC_APB1PeriphResetCmd
    stm32f10x_rcc.o(i.RCC_GetClocksFreq) refers to stm32f10x_rcc.o(.data) for APBAHBPrescTable
    stm32f10x_rcc.o(i.RCC_WaitForHSEStartUp) refers to stm32f10x_rcc.o(i.RCC_GetFlagStatus) for RCC_GetFlagStatus
[...]
    Removing LCD_ReadRect.o(.data), (0 bytes).
    Removing LCD_ReadRect.o(.bss), (0 bytes).
    Removing LCD_ReadRect.o(.text.LCD_ReadRectEx), (420 bytes).
    Removing LCD_ReadRect.o(.text.GUI_ReadRectEx), (96 bytes).
    Removing LCD_ReadRect.o(.text.LCD_ReadRect), (96 bytes).
    Removing LCD_ReadRect.o(.text.LCD_ReadRectNoClip), (32 bytes).
    Removing LCD_ReadRect.o(.text.GUI_ReadRect), (58 bytes).
    Removing GUIDEV_WriteToActiveAlpha.o(.text), (0 bytes).
    Removing GUIDEV_WriteToActiveAlpha.o(.data), (0 bytes).
    Removing GUIDEV_WriteToActiveAlpha.o(.bss), (0 bytes).
    Removing GUIDEV_WriteToActiveAlpha.o(.text._ClipX), (68 bytes).
    Removing GUIDEV_WriteToActiveAlpha.o(.text._ClipY), (68 bytes).
    Removing GUIDEV_WriteToActiveAlpha.o(.text._WriteToActiveAlpha), (328 bytes).
    Removing GUIDEV_WriteToActiveAlpha.o(.text.GUI_MEMDEV__WriteToActiveAlpha), (304 bytes).
    Removing GUI_FillPolygon.o(.text), (0 bytes).
    Removing GUI_FillPolygon.o(.data), (0 bytes).
    Removing GUI_FillPolygon.o(.bss), (28 bytes).
    Removing GUI_FillPolygon.o(.text._Add), (64 bytes).
    Removing GUI_FillPolygon.o(.text.GL_FillPolygon), (468 bytes).
    Removing GUI_FillPolygon.o(.text.GUI_FillPolygon), (128 bytes).
    Removing fadd.o(.text), (176 bytes).
    Removing fmul.o(.text), (100 bytes).
    Removing fdiv.o(.text), (124 bytes).
    Removing fcmplt.o(.text), (28 bytes).
    Removing fcmpgt.o(.text), (28 bytes).
    Removing fcmpeq.o(.text), (28 bytes).
    Removing fflti.o(.text), (18 bytes).
    Removing ffltui.o(.text), (10 bytes).
    Removing ffixi.o(.text), (50 bytes).
    Removing ffixui.o(.text), (40 bytes).
    Removing dfixi.o(.text), (62 bytes).
    Removing f2d.o(.text), (38 bytes).
    Removing fepilogue.o(.text), (110 bytes).
    Removing dadd.o(.text), (334 bytes).
    Removing dmul.o(.text), (228 bytes).
    Removing ddiv.o(.text), (222 bytes).
    Removing dfixul.o(.text), (48 bytes).
    Removing cdrcmple.o(.text), (48 bytes).
    Removing depilogue.o(.text), (186 bytes).
    Removing anon$$obj.o(GUI_ALLOC__Context), (192 bytes).
    Removing anon$$obj.o(GUI_DecChar), (1 bytes).
    Removing anon$$obj.o(GUI_OrgX), (2 bytes).
    Removing anon$$obj.o(GUI_OrgY), (2 bytes).
    Removing anon$$obj.o(GUI_pfTimerExec), (4 bytes).
    Removing anon$$obj.o(GUI_pfUpdateSoftLayer), (4 bytes).
    Removing anon$$obj.o(GUI_pfExecAnimations), (4 bytes).
    Removing anon$$obj.o(GUI__apDevice), (8 bytes).
    Removing anon$$obj.o(GUI_pfDispCharStyle), (4 bytes).
    Removing anon$$obj.o(GUI_pfDispCharLine), (4 bytes).
    Removing anon$$obj.o(GUI_pfHookMTOUCH), (4 bytes).
    Removing anon$$obj.o(GUI_pUC_API), (4 bytes).
    Removing anon$$obj.o(WM_pfHandlePID), (4 bytes).
    Removing anon$$obj.o(GUI__BufferSize), (4 bytes).
    Removing anon$$obj.o(GUI_AA__ClipX0), (4 bytes).
    Removing anon$$obj.o(GUI__aNumBuffers), (2 bytes).
    Removing anon$$obj.o(GUI__PreserveTrans), (1 bytes).
    Removing anon$$obj.o(GUI__IsInitialized), (1 bytes).
    Removing anon$$obj.o(GUI__NumLayersInUse), (1 bytes).
    Removing anon$$obj.o(GUI__LayerMask), (4 bytes).
    Removing anon$$obj.o(GUI_pLCD_APIList), (4 bytes).
    Removing anon$$obj.o(GUI_DCACHE__pfClearCacheHook), (4 bytes).
    Removing anon$$obj.o(GUI_MTOUCH__pStoreEvent), (4 bytes).
    Removing anon$$obj.o(GUI__pfDrawM565MemdevFunc), (4 bytes).
    Removing anon$$obj.o(GUI__pfDrawM565BitmapFunc), (4 bytes).
    Removing anon$$obj.o(WM__pFirstCriticalHandle), (4 bytes).
    Removing anon$$obj.o(WM__ahCapture), (8 bytes).
    Removing anon$$obj.o(WM__TransWindowCnt), (4 bytes).
    Removing anon$$obj.o(WM__hATransWindow), (4 bytes).
    Removing anon$$obj.o(WM__ahWinFocus), (8 bytes).
    Removing anon$$obj.o(WM__CreateFlags), (4 bytes).
    Removing anon$$obj.o(WM_MULTIBUF__pAPI), (4 bytes).
    Removing anon$$obj.o(WM__pExecGestures), (4 bytes).
    Removing anon$$obj.o(WM__ahDesktopWin), (8 bytes).
    Removing anon$$obj.o(WM__aCHWinModal), (16 bytes).
    Removing anon$$obj.o(WM__aCHWinLast), (16 bytes).
    Removing anon$$obj.o(WM__aCHWinMouseOver), (16 bytes).
    Removing anon$$obj.o(WM__FirstWin), (4 bytes).
    Removing anon$$obj.o(WM__hCreateStatic), (4 bytes).
    Removing anon$$obj.o(WM__NumInvalidWindows), (2 bytes).
    Removing anon$$obj.o(WM__InvalidLayerMask), (4 bytes).
    Removing anon$$obj.o(WM__NumWindows), (2 bytes).
    Removing anon$$obj.o(WM__TouchedLayer), (4 bytes).
    Removing anon$$obj.o(WM_pfPollPID), (4 bytes).
    Removing anon$$obj.o(WM__PaintCallbackCnt), (1 bytes).
    Removing anon$$obj.o(WM__aBkColor), (8 bytes).
    Removing anon$$obj.o(WM__CaptureReleaseAuto), (1 bytes).
    Removing anon$$obj.o(GUI_RectDispString), (8 bytes).
    Removing anon$$obj.o(LCD__aConvTable), (4 bytes).
    Removing anon$$obj.o(GUI__pfDrawAlphaBitmapFunc), (4 bytes).
    Removing anon$$obj.o(GUI__pfDrawAlphaMemdevFunc), (4 bytes).

2381 unused section(s) (total 397069 bytes) removed from the image.

==============================================================================

Image Symbol Table

    Local Symbols

    Symbol Name                              Value     Ov Type        Size  Object(Section)

    ../clib/microlib/division.c              0x00000000   Number         0  uldiv.o ABSOLUTE
    ../clib/microlib/division.c              0x00000000   Number         0  uidiv.o ABSOLUTE
    ../clib/microlib/init/entry.s            0x00000000   Number         0  entry10a.o ABSOLUTE
    ../clib/microlib/init/entry.s            0x00000000   Number         0  entry8b.o ABSOLUTE
    ../clib/microlib/init/entry.s            0x00000000   Number         0  entry8a.o ABSOLUTE
    ../clib/microlib/init/entry.s            0x00000000   Number         0  entry7b.o ABSOLUTE
    ../clib/microlib/init/entry.s            0x00000000   Number         0  entry11b.o ABSOLUTE
    ../clib/microlib/init/entry.s            0x00000000   Number         0  entry9b.o ABSOLUTE
    ../clib/microlib/init/entry.s            0x00000000   Number         0  entry9a.o ABSOLUTE
    ../clib/microlib/init/entry.s            0x00000000   Number         0  entry7a.o ABSOLUTE
    ../clib/microlib/init/entry.s            0x00000000   Number         0  entry5.o ABSOLUTE
    ../clib/microlib/init/entry.s            0x00000000   Number         0  entry2.o ABSOLUTE
    ../clib/microlib/init/entry.s            0x00000000   Number         0  entry11a.o ABSOLUTE
    ../clib/microlib/init/entry.s            0x00000000   Number         0  entry10b.o ABSOLUTE
    ../clib/microlib/init/entry.s            0x00000000   Number         0  entry.o ABSOLUTE
    ../clib/microlib/longlong.c              0x00000000   Number         0  llsshr.o ABSOLUTE
    ../clib/microlib/longlong.c              0x00000000   Number         0  llushr.o ABSOLUTE
    ../clib/microlib/longlong.c              0x00000000   Number         0  llshl.o ABSOLUTE
    ../clib/microlib/printf/printf.c         0x00000000   Number         0  printf3.o ABSOLUTE
    ../clib/microlib/printf/printf.c         0x00000000   Number         0  printf1.o ABSOLUTE
    ../clib/microlib/printf/printf.c         0x00000000   Number         0  printf2.o ABSOLUTE
    ../clib/microlib/printf/printf.c         0x00000000   Number         0  printfa.o ABSOLUTE
    ../clib/microlib/printf/printf.c         0x00000000   Number         0  printf7.o ABSOLUTE
    ../clib/microlib/printf/printf.c         0x00000000   Number         0  printf6.o ABSOLUTE
    ../clib/microlib/printf/printf.c         0x00000000   Number         0  printf5.o ABSOLUTE
    ../clib/microlib/printf/printf.c         0x00000000   Number         0  printf4.o ABSOLUTE
    ../clib/microlib/printf/printf.c         0x00000000   Number         0  printfb.o ABSOLUTE
    ../clib/microlib/printf/printf.c         0x00000000   Number         0  printf0.o ABSOLUTE
    ../clib/microlib/printf/printf.c         0x00000000   Number         0  printf8.o ABSOLUTE
    ../clib/microlib/printf/stubs.s          0x00000000   Number         0  stubs.o ABSOLUTE
    ../clib/microlib/stdio/streams.c         0x00000000   Number         0  stdout.o ABSOLUTE
    ../clib/microlib/string/memcmp.c         0x00000000   Number         0  memcmp.o ABSOLUTE
    ../clib/microlib/string/memcpy.c         0x00000000   Number         0  memmove.o ABSOLUTE
    ../clib/microlib/string/memcpy.c         0x00000000   Number         0  memcpy.o ABSOLUTE
    ../clib/microlib/string/memcpy.c         0x00000000   Number         0  memcpyb.o ABSOLUTE
    ../clib/microlib/string/memcpy.c         0x00000000   Number         0  memcpya.o ABSOLUTE
    ../clib/microlib/string/memcpy.c         0x00000000   Number         0  memmovec.o ABSOLUTE
    ../clib/microlib/string/memcpy.c         0x00000000   Number         0  memcpyc.o ABSOLUTE
    ../clib/microlib/string/memset.c         0x00000000   Number         0  memset.o ABSOLUTE
    ../clib/microlib/string/memset.c         0x00000000   Number         0  memseta.o ABSOLUTE
    ../clib/microlib/string/strcat.c         0x00000000   Number         0  strcat.o ABSOLUTE
    ../clib/microlib/string/strcmp.c         0x00000000   Number         0  strcmp.o ABSOLUTE
    ../clib/microlib/string/strcpy.c         0x00000000   Number         0  strcpy.o ABSOLUTE
    ../clib/microlib/string/strlen.c         0x00000000   Number         0  strlen.o ABSOLUTE
    ../clib/microlib/stubs.s                 0x00000000   Number         0  iusefp.o ABSOLUTE
    ../fplib/microlib/f2d.c                  0x00000000   Number         0  f2d.o ABSOLUTE
    ../fplib/microlib/fpadd.c                0x00000000   Number         0  dadd.o ABSOLUTE
    ../fplib/microlib/fpadd.c                0x00000000   Number         0  fadd.o ABSOLUTE
    ../fplib/microlib/fpcmp.c                0x00000000   Number         0  fcmplt.o ABSOLUTE
    ../fplib/microlib/fpcmp.c                0x00000000   Number         0  fcmpgt.o ABSOLUTE
    ../fplib/microlib/fpcmp.c                0x00000000   Number         0  fcmpeq.o ABSOLUTE
    ../fplib/microlib/fpdiv.c                0x00000000   Number         0  fdiv.o ABSOLUTE
    ../fplib/microlib/fpdiv.c                0x00000000   Number         0  ddiv.o ABSOLUTE
    ../fplib/microlib/fpepilogue.c           0x00000000   Number         0  fepilogue.o ABSOLUTE
    ../fplib/microlib/fpepilogue.c           0x00000000   Number         0  depilogue.o ABSOLUTE
    ../fplib/microlib/fpfix.c                0x00000000   Number         0  dfixul.o ABSOLUTE
    ../fplib/microlib/fpfix.c                0x00000000   Number         0  dfixi.o ABSOLUTE
    ../fplib/microlib/fpfix.c                0x00000000   Number         0  ffixui.o ABSOLUTE
    ../fplib/microlib/fpfix.c                0x00000000   Number         0  ffixi.o ABSOLUTE
    ../fplib/microlib/fpflt.c                0x00000000   Number         0  fflti.o ABSOLUTE
    ../fplib/microlib/fpflt.c                0x00000000   Number         0  ffltui.o ABSOLUTE
    ../fplib/microlib/fpmul.c                0x00000000   Number         0  fmul.o ABSOLUTE
    ../fplib/microlib/fpmul.c                0x00000000   Number         0  dmul.o ABSOLUTE
    ../mathlib/ceil.c                        0x00000000   Number         0  ceil.o ABSOLUTE
    ../mathlib/floor.c                       0x00000000   Number         0  floor.o ABSOLUTE
    ..\Libraries\CMSIS\core_cm3.c            0x00000000   Number         0  core_cm3.o ABSOLUTE
    ..\Libraries\CMSIS\startup\startup_stm32f10x_hd.s 0x00000000   Number         0  startup_stm32f10x_hd.o ABSOLUTE
    ..\Libraries\CMSIS\system_stm32f10x.c    0x00000000   Number         0  system_stm32f10x.o ABSOLUTE
    ..\Libraries\FATFS\diskio.c              0x00000000   Number         0  diskio.o ABSOLUTE
    ..\Libraries\FATFS\ff.c                  0x00000000   Number         0  ff.o ABSOLUTE
    ..\Libraries\FATFS\option\cc936.c        0x00000000   Number         0  cc936.o ABSOLUTE
    ..\Libraries\MFRC\bsp_MFRC.c             0x00000000   Number         0  bsp_mfrc.o ABSOLUTE
    ..\Libraries\STM32F10x_StdPeriph_Driver\src\misc.c 0x00000000   Number         0  misc.o ABSOLUTE
    ..\Libraries\STM32F10x_StdPeriph_Driver\src\stm32f10x_adc.c 0x00000000   Number         0  stm32f10x_adc.o ABSOLUTE
    ..\Libraries\STM32F10x_StdPeriph_Driver\src\stm32f10x_bkp.c 0x00000000   Number         0  stm32f10x_bkp.o ABSOLUTE
    ..\Libraries\STM32F10x_StdPeriph_Driver\src\stm32f10x_can.c 0x00000000   Number         0  stm32f10x_can.o ABSOLUTE
    ..\Libraries\STM32F10x_StdPeriph_Driver\src\stm32f10x_cec.c 0x00000000   Number         0  stm32f10x_cec.o ABSOLUTE
    ..\Libraries\STM32F10x_StdPeriph_Driver\src\stm32f10x_crc.c 0x00000000   Number         0  stm32f10x_crc.o ABSOLUTE
    ..\Libraries\STM32F10x_StdPeriph_Driver\src\stm32f10x_dac.c 0x00000000   Number         0  stm32f10x_dac.o ABSOLUTE
    ..\Libraries\STM32F10x_StdPeriph_Driver\src\stm32f10x_dbgmcu.c 0x00000000   Number         0  stm32f10x_dbgmcu.o ABSOLUTE
    ..\Libraries\STM32F10x_StdPeriph_Driver\src\stm32f10x_dma.c 0x00000000   Number         0  stm32f10x_dma.o ABSOLUTE
    ..\Libraries\STM32F10x_StdPeriph_Driver\src\stm32f10x_exti.c 0x00000000   Number         0  stm32f10x_exti.o ABSOLUTE
    ..\Libraries\STM32F10x_StdPeriph_Driver\src\stm32f10x_flash.c 0x00000000   Number         0  stm32f10x_flash.o ABSOLUTE
    ..\Libraries\STM32F10x_StdPeriph_Driver\src\stm32f10x_fsmc.c 0x00000000   Number         0  stm32f10x_fsmc.o ABSOLUTE
    ..\Libraries\STM32F10x_StdPeriph_Driver\src\stm32f10x_gpio.c 0x00000000   Number         0  stm32f10x_gpio.o ABSOLUTE
    ..\Libraries\STM32F10x_StdPeriph_Driver\src\stm32f10x_i2c.c 0x00000000   Number         0  stm32f10x_i2c.o ABSOLUTE
    ..\Libraries\STM32F10x_StdPeriph_Driver\src\stm32f10x_iwdg.c 0x00000000   Number         0  stm32f10x_iwdg.o ABSOLUTE
    ..\Libraries\STM32F10x_StdPeriph_Driver\src\stm32f10x_pwr.c 0x00000000   Number         0  stm32f10x_pwr.o ABSOLUTE
    ..\Libraries\STM32F10x_StdPeriph_Driver\src\stm32f10x_rcc.c 0x00000000   Number         0  stm32f10x_rcc.o ABSOLUTE
    ..\Libraries\STM32F10x_StdPeriph_Driver\src\stm32f10x_rtc.c 0x00000000   Number         0  stm32f10x_rtc.o ABSOLUTE
    ..\Libraries\STM32F10x_StdPeriph_Driver\src\stm32f10x_sdio.c 0x00000000   Number         0  stm32f10x_sdio.o ABSOLUTE
    ..\Libraries\STM32F10x_StdPeriph_Driver\src\stm32f10x_spi.c 0x00000000   Number         0  stm32f10x_spi.o ABSOLUTE
    ..\Libraries\STM32F10x_StdPeriph_Driver\src\stm32f10x_tim.c 0x00000000   Number         0  stm32f10x_tim.o ABSOLUTE
    ..\Libraries\STM32F10x_StdPeriph_Driver\src\stm32f10x_usart.c 0x00000000   Number         0  stm32f10x_usart.o ABSOLUTE
    ..\Libraries\STM32F10x_StdPeriph_Driver\src\stm32f10x_wwdg.c 0x00000000   Number         0  stm32f10x_wwdg.o ABSOLUTE
    ..\Libraries\flash\bsp_spi_flash.c       0x00000000   Number         0  bsp_spi_flash.o ABSOLUTE
    ..\Libraries\key\bsp_key.c               0x00000000   Number         0  bsp_key.o ABSOLUTE
    ..\Libraries\lcd\bsp_ili9341_lcd.c       0x00000000   Number         0  bsp_ili9341_lcd.o ABSOLUTE
    ..\Libraries\lcd\bsp_xpt2046_lcd.c       0x00000000   Number         0  bsp_xpt2046_lcd.o ABSOLUTE
    ..\Libraries\led\bsp_led.c               0x00000000   Number         0  bsp_led.o ABSOLUTE
    ..\Libraries\pwm\PWM.c                   0x00000000   Number         0  pwm.o ABSOLUTE
    ..\Libraries\sdio\bsp_sdio_sdcard.c      0x00000000   Number         0  bsp_sdio_sdcard.o ABSOLUTE
    ..\Libraries\sram\bsp_fsmc_sram.c        0x00000000   Number         0  bsp_fsmc_sram.o ABSOLUTE
    ..\Libraries\usart\bsp_usart.c           0x00000000   Number         0  bsp_usart.o ABSOLUTE
    ..\User\FatFs_test.c                     0x00000000   Number         0  fatfs_test.o ABSOLUTE
    ..\User\Touch_Task.c                     0x00000000   Number         0  touch_task.o ABSOLUTE
    ..\User\WIDGET_ButtonSimple.c            0x00000000   Number         0  widget_buttonsimple.o ABSOLUTE
    ..\User\main.c                           0x00000000   Number         0  main.o ABSOLUTE
    ..\User\stm32f10x_it.c                   0x00000000   Number         0  stm32f10x_it.o ABSOLUTE
    ..\User\test.c                           0x00000000   Number         0  test.o ABSOLUTE
    ..\\Libraries\\CMSIS\\core_cm3.c         0x00000000   Number         0  core_cm3.o ABSOLUTE
    ..\\third_lib\\freertos\\portable\\port.c 0x00000000   Number         0  port.o ABSOLUTE
    ..\third_lib\STemWin\Config\GUIConf.c    0x00000000   Number         0  guiconf.o ABSOLUTE
    ..\third_lib\STemWin\Config\GUI_X_Touch_Analog.c 0x00000000   Number         0  gui_x_touch_analog.o ABSOLUTE
    ..\third_lib\STemWin\Config\LCDConf_FlexColor_Template.c 0x00000000   Number         0  lcdconf_flexcolor_template.o ABSOLUTE
    ..\third_lib\STemWin\OS\GUI_X_FreeRTOS.c 0x00000000   Number         0  gui_x_freertos.o ABSOLUTE
    ..\third_lib\STemWin_Task\MainTask.c     0x00000000   Number         0  maintask.o ABSOLUTE
    ..\third_lib\freertos\event_groups.c     0x00000000   Number         0  event_groups.o ABSOLUTE
    ..\third_lib\freertos\heap_4.c           0x00000000   Number         0  heap_4.o ABSOLUTE
    ..\third_lib\freertos\list.c             0x00000000   Number         0  list.o ABSOLUTE
    ..\third_lib\freertos\portable\port.c    0x00000000   Number         0  port.o ABSOLUTE
    ..\third_lib\freertos\queue.c            0x00000000   Number         0  queue.o ABSOLUTE
    ..\third_lib\freertos\tasks.c            0x00000000   Number         0  tasks.o ABSOLUTE
    ..\third_lib\freertos\timers.c           0x00000000   Number         0  timers.o ABSOLUTE
    BUTTON.c                                 0x00000000   Number         0  BUTTON.o ABSOLUTE
    BUTTON_Skin.c                            0x00000000   Number         0  BUTTON_Skin.o ABSOLUTE
    BUTTON_SkinFlex.c                        0x00000000   Number         0  BUTTON_SkinFlex.o ABSOLUTE
    DIALOG.c                                 0x00000000   Number         0  DIALOG.o ABSOLUTE
    F13HB_1.c                                0x00000000   Number         0  F13HB_1.o ABSOLUTE
    F13HB_ASCII.c                            0x00000000   Number         0  F13HB_ASCII.o ABSOLUTE
    F13_1.c                                  0x00000000   Number         0  F13_1.o ABSOLUTE
    F13_ASCII.c                              0x00000000   Number         0  F13_ASCII.o ABSOLUTE
    F6x8.c                                   0x00000000   Number         0  F6x8.o ABSOLUTE
    FComic24B_ASCII.c                        0x00000000   Number         0  FComic24B_ASCII.o ABSOLUTE
    FRAMEWIN.c                               0x00000000   Number         0  FRAMEWIN.o ABSOLUTE
    FRAMEWIN_Skin.c                          0x00000000   Number         0  FRAMEWIN_Skin.o ABSOLUTE
    FRAMEWIN_SkinFlex.c                      0x00000000   Number         0  FRAMEWIN_SkinFlex.o ABSOLUTE
    FRAMEWIN__UpdateButtons.c                0x00000000   Number         0  FRAMEWIN__UpdateButtons.o ABSOLUTE
    GUICC_0.c                                0x00000000   Number         0  GUICC_0.o ABSOLUTE
    GUICC_565.c                              0x00000000   Number         0  GUICC_565.o ABSOLUTE
    GUICC_M8888I.c                           0x00000000   Number         0  GUICC_M8888I.o ABSOLUTE
    GUICC_M8888I_Index2Color.c               0x00000000   Number         0  GUICC_M8888I_Index2Color.o ABSOLUTE
    GUICC_M888_Index2Color.c                 0x00000000   Number         0  GUICC_M888_Index2Color.o ABSOLUTE
    GUIDEV.c                                 0x00000000   Number         0  GUIDEV.o ABSOLUTE
    GUIDEV_16.c                              0x00000000   Number         0  GUIDEV_16.o ABSOLUTE
    GUIDEV_32.c                              0x00000000   Number         0  GUIDEV_32.o ABSOLUTE
    GUIDEV_Banding.c                         0x00000000   Number         0  GUIDEV_Banding.o ABSOLUTE
    GUIDEV_Clear.c                           0x00000000   Number         0  GUIDEV_Clear.o ABSOLUTE
    GUIDEV_CreateFixed.c                     0x00000000   Number         0  GUIDEV_CreateFixed.o ABSOLUTE
    GUIDEV_GetDataPtr.c                      0x00000000   Number         0  GUIDEV_GetDataPtr.o ABSOLUTE
    GUIDEV_GetPos.c                          0x00000000   Number         0  GUIDEV_GetPos.o ABSOLUTE
    GUIDEV_GetXSize.c                        0x00000000   Number         0  GUIDEV_GetXSize.o ABSOLUTE
    GUIDEV_GetYSize.c                        0x00000000   Number         0  GUIDEV_GetYSize.o ABSOLUTE
    GUIDEV_ReduceYSize.c                     0x00000000   Number         0  GUIDEV_ReduceYSize.o ABSOLUTE
    GUIDEV_SetOrg.c                          0x00000000   Number         0  GUIDEV_SetOrg.o ABSOLUTE
    GUIDEV_StaticDevices.c                   0x00000000   Number         0  GUIDEV_StaticDevices.o ABSOLUTE
    GUIDEV_Usage.c                           0x00000000   Number         0  GUIDEV_Usage.o ABSOLUTE
    GUIDEV_UsageBM.c                         0x00000000   Number         0  GUIDEV_UsageBM.o ABSOLUTE
    GUIDEV_Write.c                           0x00000000   Number         0  GUIDEV_Write.o ABSOLUTE
    GUIDEV_WriteToActiveAlpha.c              0x00000000   Number         0  GUIDEV_WriteToActiveAlpha.o ABSOLUTE
    GUIDEV_WriteToActiveOpaque.c             0x00000000   Number         0  GUIDEV_WriteToActiveOpaque.o ABSOLUTE
    GUIDRV_FlexColor.c                       0x00000000   Number         0  GUIDRV_FlexColor.o ABSOLUTE
    GUIDRV_FlexColor_16bpp_C0B16.c           0x00000000   Number         0  GUIDRV_FlexColor_16bpp_C0B16.o ABSOLUTE
    GUIDRV_FlexColor_Func66709.c             0x00000000   Number         0  GUIDRV_FlexColor_Func66709.o ABSOLUTE
    GUI_2DLib.c                              0x00000000   Number         0  GUI_2DLib.o ABSOLUTE
    GUI_Alloc.c                              0x00000000   Number         0  GUI_Alloc.o ABSOLUTE
    GUI_Arc.c                                0x00000000   Number         0  GUI_Arc.o ABSOLUTE
    GUI_Char.c                               0x00000000   Number         0  GUI_Char.o ABSOLUTE
    GUI_CharLine.c                           0x00000000   Number         0  GUI_CharLine.o ABSOLUTE
    GUI_CharM.c                              0x00000000   Number         0  GUI_CharM.o ABSOLUTE
    GUI_CharP.c                              0x00000000   Number         0  GUI_CharP.o ABSOLUTE
    GUI_Circ.c                               0x00000000   Number         0  GUI_Circ.o ABSOLUTE
    GUI_Common.c                             0x00000000   Number         0  GUI_Common.o ABSOLUTE
    GUI_Core.c                               0x00000000   Number         0  GUI_Core.o ABSOLUTE
    GUI_Cursor.c                             0x00000000   Number         0  GUI_Cursor.o ABSOLUTE
    GUI_CursorResource.c                     0x00000000   Number         0  GUI_CursorResource.o ABSOLUTE
    GUI_DRAW.c                               0x00000000   Number         0  GUI_DRAW.o ABSOLUTE
    GUI_Device.c                             0x00000000   Number         0  GUI_Device.o ABSOLUTE
    GUI_DispChar.c                           0x00000000   Number         0  GUI_DispChar.o ABSOLUTE
    GUI_DispString.c                         0x00000000   Number         0  GUI_DispString.o ABSOLUTE
    GUI_DispStringInRectEx.c                 0x00000000   Number         0  GUI_DispStringInRectEx.o ABSOLUTE
    GUI_DrawBitmap.c                         0x00000000   Number         0  GUI_DrawBitmap.o ABSOLUTE
    GUI_DrawGradient.c                       0x00000000   Number         0  GUI_DrawGradient.o ABSOLUTE
    GUI_DrawLib.c                            0x00000000   Number         0  GUI_DrawLib.o ABSOLUTE
    GUI_DrawLine.c                           0x00000000   Number         0  GUI_DrawLine.o ABSOLUTE
    GUI_DrawRoundedRect.c                    0x00000000   Number         0  GUI_DrawRoundedRect.o ABSOLUTE
    GUI_FillPolygon.c                        0x00000000   Number         0  GUI_FillPolygon.o ABSOLUTE
    GUI_FillRoundedRect.c                    0x00000000   Number         0  GUI_FillRoundedRect.o ABSOLUTE
    GUI_OnKey.c                              0x00000000   Number         0  GUI_OnKey.o ABSOLUTE
    GUI_PID.c                                0x00000000   Number         0  GUI_PID.o ABSOLUTE
    GUI_SPRITE.c                             0x00000000   Number         0  GUI_SPRITE.o ABSOLUTE
    GUI_SPRITE_Anim.c                        0x00000000   Number         0  GUI_SPRITE_Anim.o ABSOLUTE
    GUI_SelectLayer.c                        0x00000000   Number         0  GUI_SelectLayer.o ABSOLUTE
    GUI_SetAlpha.c                           0x00000000   Number         0  GUI_SetAlpha.o ABSOLUTE
    GUI_TOUCH.c                              0x00000000   Number         0  GUI_TOUCH.o ABSOLUTE
    GUI_TOUCH_Calibrate.c                    0x00000000   Number         0  GUI_TOUCH_Calibrate.o ABSOLUTE
    GUI_TOUCH_DriverAnalog.c                 0x00000000   Number         0  GUI_TOUCH_DriverAnalog.o ABSOLUTE
    GUI_TOUCH_StoreState.c                   0x00000000   Number         0  GUI_TOUCH_StoreState.o ABSOLUTE
    GUI_Task.c                               0x00000000   Number         0  GUI_Task.o ABSOLUTE
    GUI_Time.c                               0x00000000   Number         0  GUI_Time.o ABSOLUTE
    GUI_Timer.c                              0x00000000   Number         0  GUI_Timer.o ABSOLUTE
    GUI_UC.c                                 0x00000000   Number         0  GUI_UC.o ABSOLUTE
    GUI_UC_EncodeNone.c                      0x00000000   Number         0  GUI_UC_EncodeNone.o ABSOLUTE
    GUI_WaitEvent.c                          0x00000000   Number         0  GUI_WaitEvent.o ABSOLUTE
    GUI__Alpha.c                             0x00000000   Number         0  GUI__Alpha.o ABSOLUTE
    GUI__CompactPixelIndices.c               0x00000000   Number         0  GUI__CompactPixelIndices.o ABSOLUTE
    GUI__DivTbl.c                            0x00000000   Number         0  GUI__DivTbl.o ABSOLUTE
    GUI__DrawTwinArc.c                       0x00000000   Number         0  GUI__DrawTwinArc.o ABSOLUTE
    GUI__ExpandPixelIndices.c                0x00000000   Number         0  GUI__ExpandPixelIndices.o ABSOLUTE
    GUI__ManageCache.c                       0x00000000   Number         0  GUI__ManageCache.o ABSOLUTE
    GUI__Private.c                           0x00000000   Number         0  GUI__Private.o ABSOLUTE
    GUI__SinHQ.c                             0x00000000   Number         0  GUI__SinHQ.o ABSOLUTE
    GUI__Wrap.c                              0x00000000   Number         0  GUI__Wrap.o ABSOLUTE
    LCD.c                                    0x00000000   Number         0  LCD.o ABSOLUTE
    LCD_AA.c                                 0x00000000   Number         0  LCD_AA.o ABSOLUTE
    LCD_Color.c                              0x00000000   Number         0  LCD_Color.o ABSOLUTE
    LCD_GetColorIndex.c                      0x00000000   Number         0  LCD_GetColorIndex.o ABSOLUTE
    LCD_GetEx.c                              0x00000000   Number         0  LCD_GetEx.o ABSOLUTE
    LCD_GetNumDisplays.c                     0x00000000   Number         0  LCD_GetNumDisplays.o ABSOLUTE
    LCD_GetP.c                               0x00000000   Number         0  LCD_GetP.o ABSOLUTE
    LCD_GetPixelColor.c                      0x00000000   Number         0  LCD_GetPixelColor.o ABSOLUTE
    LCD_Mirror.c                             0x00000000   Number         0  LCD_Mirror.o ABSOLUTE
    LCD_ReadRect.c                           0x00000000   Number         0  LCD_ReadRect.o ABSOLUTE
    LCD_Rotate180.c                          0x00000000   Number         0  LCD_Rotate180.o ABSOLUTE
    LCD_RotateCCW.c                          0x00000000   Number         0  LCD_RotateCCW.o ABSOLUTE
    LCD_RotateCW.c                           0x00000000   Number         0  LCD_RotateCW.o ABSOLUTE
    LCD_SelectLCD.c                          0x00000000   Number         0  LCD_SelectLCD.o ABSOLUTE
    LCD_Set.c                                0x00000000   Number         0  LCD_Set.o ABSOLUTE
    LCD_SetClipRectEx.c                      0x00000000   Number         0  LCD_SetClipRectEx.o ABSOLUTE
    LCD_UpdateColorIndices.c                 0x00000000   Number         0  LCD_UpdateColorIndices.o ABSOLUTE
    TEXT.c                                   0x00000000   Number         0  TEXT.o ABSOLUTE
    WIDGET.c                                 0x00000000   Number         0  WIDGET.o ABSOLUTE
    WIDGET_Effect_Simple.c                   0x00000000   Number         0  WIDGET_Effect_Simple.o ABSOLUTE
    WM.c                                     0x00000000   Number         0  WM.o ABSOLUTE
    WM_BringToTop.c                          0x00000000   Number         0  WM_BringToTop.o ABSOLUTE
    WM_GetWindowSize.c                       0x00000000   Number         0  WM_GetWindowSize.o ABSOLUTE
    WM_Hide.c                                0x00000000   Number         0  WM_Hide.o ABSOLUTE
    WM_Lib.c                                 0x00000000   Number         0  WM_Lib.o ABSOLUTE
    WM_MemDev.c                              0x00000000   Number         0  WM_MemDev.o ABSOLUTE
    WM_Move.c                                0x00000000   Number         0  WM_Move.o ABSOLUTE
    WM_PID__GetPrevState.c                   0x00000000   Number         0  WM_PID__GetPrevState.o ABSOLUTE
    WM_Screen2Win.c                          0x00000000   Number         0  WM_Screen2Win.o ABSOLUTE
    WM_SetCapture.c                          0x00000000   Number         0  WM_SetCapture.o ABSOLUTE
    WM_SetCaptureMove.c                      0x00000000   Number         0  WM_SetCaptureMove.o ABSOLUTE
    WM_SetFocusOnNextChild.c                 0x00000000   Number         0  WM_SetFocusOnNextChild.o ABSOLUTE
    WM_SetFocusOnPrevChild.c                 0x00000000   Number         0  WM_SetFocusOnPrevChild.o ABSOLUTE
    WM_SetTrans.c                            0x00000000   Number         0  WM_SetTrans.o ABSOLUTE
    WM_Timer.c                               0x00000000   Number         0  WM_Timer.o ABSOLUTE
    WM_Touch.c                               0x00000000   Number         0  WM_Touch.o ABSOLUTE
    WM_UserData.c                            0x00000000   Number         0  WM_UserData.o ABSOLUTE
    WM__Private.c                            0x00000000   Number         0  WM__Private.o ABSOLUTE
    cdrcmple.s                               0x00000000   Number         0  cdrcmple.o ABSOLUTE
    dc.s                                     0x00000000   Number         0  dc.o ABSOLUTE
    handlers.s                               0x00000000   Number         0  handlers.o ABSOLUTE
    init.s                                   0x00000000   Number         0  init.o ABSOLUTE
    RESET                                    0x08000000   Section      304  startup_stm32f10x_hd.o(RESET)
    .ARM.Collect$$$$00000000                 0x08000130   Section        0  entry.o(.ARM.Collect$$$$00000000)
    .ARM.Collect$$$$00000001                 0x08000130   Section        4  entry2.o(.ARM.Collect$$$$00000001)
    .ARM.Collect$$$$00000004                 0x08000134   Section        4  entry5.o(.ARM.Collect$$$$00000004)
    .ARM.Collect$$$$00000008                 0x08000138   Section        0  entry7b.o(.ARM.Collect$$$$00000008)
    .ARM.Collect$$$$0000000A                 0x08000138   Section        0  entry8b.o(.ARM.Collect$$$$0000000A)
    .ARM.Collect$$$$0000000B                 0x08000138   Section        8  entry9a.o(.ARM.Collect$$$$0000000B)
    .ARM.Collect$$$$0000000D                 0x08000140   Section        0  entry10a.o(.ARM.Collect$$$$0000000D)
    .ARM.Collect$$$$0000000F                 0x08000140   Section        0  entry11a.o(.ARM.Collect$$$$0000000F)
    .ARM.Collect$$$$00002712                 0x08000140   Section        4  entry2.o(.ARM.Collect$$$$00002712)
    __lit__00000000                          0x08000140   Data           4  entry2.o(.ARM.Collect$$$$00002712)
    .emb_text                                0x08000144   Section      150  port.o(.emb_text)
    .text                                    0x080001dc   Section       36  startup_stm32f10x_hd.o(.text)
    .text                                    0x08000200   Section        0  uldiv.o(.text)
    .text                                    0x08000262   Section        0  memseta.o(.text)
    .text                                    0x08000286   Section        0  llshl.o(.text)
    .text                                    0x080002a4   Section        0  llushr.o(.text)
    .text                                    0x080002c4   Section       36  init.o(.text)
    i.AppTaskCreate                          0x080002e8   Section        0  main.o(i.AppTaskCreate)
    AppTaskCreate                            0x080002e9   Thumb Code    44  main.o(i.AppTaskCreate)
    i.BSP_Init                               0x08000328   Section        0  main.o(i.BSP_Init)
    BSP_Init                                 0x08000329   Thumb Code    44  main.o(i.BSP_Init)
    i.BusFault_Handler                       0x08000354   Section        0  stm32f10x_it.o(i.BusFault_Handler)
    i.DebugMon_Handler                       0x08000358   Section        0  stm32f10x_it.o(i.DebugMon_Handler)
    i.EXTI0_IRQHandler                       0x0800035c   Section        0  main.o(i.EXTI0_IRQHandler)
    i.EXTI_ClearITPendingBit                 0x08000380   Section        0  stm32f10x_exti.o(i.EXTI_ClearITPendingBit)
    i.EXTI_GetITStatus                       0x0800038c   Section        0  stm32f10x_exti.o(i.EXTI_GetITStatus)
    i.EXTI_Init                              0x080003b4   Section        0  stm32f10x_exti.o(i.EXTI_Init)
    i.FSMC_NORSRAMCmd                        0x08000448   Section        0  stm32f10x_fsmc.o(i.FSMC_NORSRAMCmd)
    i.FSMC_NORSRAMInit                       0x0800047c   Section        0  stm32f10x_fsmc.o(i.FSMC_NORSRAMInit)
    i.GPIO_EXTILineConfig                    0x08000564   Section        0  stm32f10x_gpio.o(i.GPIO_EXTILineConfig)
    i.GPIO_Init                              0x080005a4   Section        0  stm32f10x_gpio.o(i.GPIO_Init)
    i.GPIO_ReadInputDataBit                  0x080006ba   Section        0  stm32f10x_gpio.o(i.GPIO_ReadInputDataBit)
    i.GPIO_ResetBits                         0x080006cc   Section        0  stm32f10x_gpio.o(i.GPIO_ResetBits)
    i.GPIO_SetBits                           0x080006d0   Section        0  stm32f10x_gpio.o(i.GPIO_SetBits)
    i.HardFault_Handler                      0x080006d4   Section        0  stm32f10x_it.o(i.HardFault_Handler)
    i.ILI9341_BackLed_Control                0x080006d8   Section        0  bsp_ili9341_lcd.o(i.ILI9341_BackLed_Control)
    i.ILI9341_Delay                          0x080006fc   Section        0  bsp_ili9341_lcd.o(i.ILI9341_Delay)
    ILI9341_Delay                            0x080006fd   Thumb Code    18  bsp_ili9341_lcd.o(i.ILI9341_Delay)
    i.ILI9341_FSMC_Config                    0x0800070e   Section        0  bsp_ili9341_lcd.o(i.ILI9341_FSMC_Config)
    ILI9341_FSMC_Config                      0x0800070f   Thumb Code   110  bsp_ili9341_lcd.o(i.ILI9341_FSMC_Config)
    i.ILI9341_GPIO_Config                    0x0800077c   Section        0  bsp_ili9341_lcd.o(i.ILI9341_GPIO_Config)
    ILI9341_GPIO_Config                      0x0800077d   Thumb Code   402  bsp_ili9341_lcd.o(i.ILI9341_GPIO_Config)
    i.ILI9341_GramScan                       0x08000918   Section        0  bsp_ili9341_lcd.o(i.ILI9341_GramScan)
    i.ILI9341_Init                           0x080009f8   Section        0  bsp_ili9341_lcd.o(i.ILI9341_Init)
    i.ILI9341_REG_Config                     0x08000a20   Section        0  bsp_ili9341_lcd.o(i.ILI9341_REG_Config)
    ILI9341_REG_Config                       0x08000a21   Thumb Code  1098  bsp_ili9341_lcd.o(i.ILI9341_REG_Config)
    i.ILI9341_ReadID                         0x08000e70   Section        0  bsp_ili9341_lcd.o(i.ILI9341_ReadID)
    i.ILI9341_Read_Data                      0x08000ed4   Section        0  bsp_ili9341_lcd.o(i.ILI9341_Read_Data)
    i.ILI9341_Rst                            0x08000ee0   Section        0  bsp_ili9341_lcd.o(i.ILI9341_Rst)
    i.ILI9341_Write_Cmd                      0x08000f08   Section        0  bsp_ili9341_lcd.o(i.ILI9341_Write_Cmd)
    i.ILI9341_Write_Data                     0x08000f10   Section        0  bsp_ili9341_lcd.o(i.ILI9341_Write_Data)
    i.LED_GPIO_Config                        0x08000f1c   Section        0  bsp_led.o(i.LED_GPIO_Config)
    i.MFRC_read_byte                         0x08000f80   Section        0  bsp_mfrc.o(i.MFRC_read_byte)
    i.MFRC_write_byte                        0x08000fd0   Section        0  bsp_mfrc.o(i.MFRC_write_byte)
    i.MemManage_Handler                      0x08001028   Section        0  stm32f10x_it.o(i.MemManage_Handler)
    i.NMI_Handler                            0x0800102c   Section        0  stm32f10x_it.o(i.NMI_Handler)
    i.NVIC_Init                              0x08001030   Section        0  misc.o(i.NVIC_Init)
    i.NVIC_PriorityGroupConfig               0x080010a0   Section        0  misc.o(i.NVIC_PriorityGroupConfig)
    i.PWM_Init                               0x080010b4   Section        0  pwm.o(i.PWM_Init)
    i.PcdAnticoll                            0x08001154   Section        0  bsp_mfrc.o(i.PcdAnticoll)
    i.PcdComMF522                            0x080011c6   Section        0  bsp_mfrc.o(i.PcdComMF522)
    i.PcdRequest                             0x080012f8   Section        0  bsp_mfrc.o(i.PcdRequest)
    i.RC522_Antenna_On                       0x0800134e   Section        0  bsp_mfrc.o(i.RC522_Antenna_On)
    i.RC522_ClearBit_Register                0x08001370   Section        0  bsp_mfrc.o(i.RC522_ClearBit_Register)
    i.RC522_Config_Type                      0x0800138a   Section        0  bsp_mfrc.o(i.RC522_Config_Type)
    i.RC522_Read_Register                    0x080013e0   Section        0  bsp_mfrc.o(i.RC522_Read_Register)
    i.RC522_Rese                             0x08001418   Section        0  bsp_mfrc.o(i.RC522_Rese)
    i.RC522_SetBit_Register                  0x080014a4   Section        0  bsp_mfrc.o(i.RC522_SetBit_Register)
    i.RC522_Write_Register                   0x080014c0   Section        0  bsp_mfrc.o(i.RC522_Write_Register)
    i.RCC_AHBPeriphClockCmd                  0x080014f4   Section        0  stm32f10x_rcc.o(i.RCC_AHBPeriphClockCmd)
    i.RCC_APB1PeriphClockCmd                 0x08001514   Section        0  stm32f10x_rcc.o(i.RCC_APB1PeriphClockCmd)
    i.RCC_APB2PeriphClockCmd                 0x08001534   Section        0  stm32f10x_rcc.o(i.RCC_APB2PeriphClockCmd)
    i.RCC_GetClocksFreq                      0x08001554   Section        0  stm32f10x_rcc.o(i.RCC_GetClocksFreq)
    i.SetSysClock                            0x08001628   Section        0  system_stm32f10x.o(i.SetSysClock)
    SetSysClock                              0x08001629   Thumb Code     8  system_stm32f10x.o(i.SetSysClock)
    i.SetSysClockTo72                        0x08001630   Section        0  system_stm32f10x.o(i.SetSysClockTo72)
    SetSysClockTo72                          0x08001631   Thumb Code   214  system_stm32f10x.o(i.SetSysClockTo72)
    i.SystemInit                             0x08001710   Section        0  system_stm32f10x.o(i.SystemInit)
    i.TIM_Cmd                                0x08001770   Section        0  stm32f10x_tim.o(i.TIM_Cmd)
    i.TIM_CtrlPWMOutputs                     0x08001788   Section        0  stm32f10x_tim.o(i.TIM_CtrlPWMOutputs)
    i.TIM_InternalClockConfig                0x080017a6   Section        0  stm32f10x_tim.o(i.TIM_InternalClockConfig)
    i.TIM_OC1Init                            0x080017b4   Section        0  stm32f10x_tim.o(i.TIM_OC1Init)
    i.TIM_OCStructInit                       0x0800184c   Section        0  stm32f10x_tim.o(i.TIM_OCStructInit)
    i.TIM_TimeBaseInit                       0x08001860   Section        0  stm32f10x_tim.o(i.TIM_TimeBaseInit)
    i.USART_Cmd                              0x08001904   Section        0  stm32f10x_usart.o(i.USART_Cmd)
    i.USART_Config                           0x0800191c   Section        0  bsp_usart.o(i.USART_Config)
    i.USART_GetFlagStatus                    0x080019a8   Section        0  stm32f10x_usart.o(i.USART_GetFlagStatus)
    i.USART_Init                             0x080019c4   Section        0  stm32f10x_usart.o(i.USART_Init)
    i.USART_SendData                         0x08001a9c   Section        0  stm32f10x_usart.o(i.USART_SendData)
    i.UsageFault_Handler                     0x08001aa4   Section        0  stm32f10x_it.o(i.UsageFault_Handler)
    i.XPT2046_Init                           0x08001aa8   Section        0  bsp_xpt2046_lcd.o(i.XPT2046_Init)
    i.__0printf$8                            0x08001b3c   Section        0  printf8.o(i.__0printf$8)
    i.__0sprintf$8                           0x08001b5c   Section        0  printf8.o(i.__0sprintf$8)
    i.__scatterload_copy                     0x08001b84   Section       14  handlers.o(i.__scatterload_copy)
    i.__scatterload_null                     0x08001b92   Section        2  handlers.o(i.__scatterload_null)
    i.__scatterload_zeroinit                 0x08001b94   Section       14  handlers.o(i.__scatterload_zeroinit)
    i._printf_core                           0x08001ba4   Section        0  printf8.o(i._printf_core)
    _printf_core                             0x08001ba5   Thumb Code   996  printf8.o(i._printf_core)
    i._printf_post_padding                   0x08001fb4   Section        0  printf8.o(i._printf_post_padding)
    _printf_post_padding                     0x08001fb5   Thumb Code    36  printf8.o(i._printf_post_padding)
    i._printf_pre_padding                    0x08001fd8   Section        0  printf8.o(i._printf_pre_padding)
    _printf_pre_padding                      0x08001fd9   Thumb Code    46  printf8.o(i._printf_pre_padding)
    i._sputc                                 0x08002006   Section        0  printf8.o(i._sputc)
    _sputc                                   0x08002007   Thumb Code    10  printf8.o(i._sputc)
    i.delay_MFRC                             0x08002010   Section        0  bsp_mfrc.o(i.delay_MFRC)
    delay_MFRC                               0x08002011   Thumb Code    28  bsp_mfrc.o(i.delay_MFRC)
    i.fputc                                  0x0800202c   Section        0  bsp_usart.o(i.fputc)
    i.key1_init                              0x08002050   Section        0  bsp_key.o(i.key1_init)
    i.main                                   0x080020b0   Section        0  main.o(i.main)
    i.prvAddNewTaskToReadyList               0x080020fc   Section        0  tasks.o(i.prvAddNewTaskToReadyList)
    prvAddNewTaskToReadyList                 0x080020fd   Thumb Code   200  tasks.o(i.prvAddNewTaskToReadyList)
    i.prvCheckTasksWaitingTermination        0x080021e0   Section        0  tasks.o(i.prvCheckTasksWaitingTermination)
    prvCheckTasksWaitingTermination          0x080021e1   Thumb Code    60  tasks.o(i.prvCheckTasksWaitingTermination)
    i.prvDeleteTCB                           0x08002228   Section        0  tasks.o(i.prvDeleteTCB)
    prvDeleteTCB                             0x08002229   Thumb Code    18  tasks.o(i.prvDeleteTCB)
    i.prvHeapInit                            0x0800223c   Section        0  heap_4.o(i.prvHeapInit)
    prvHeapInit                              0x0800223d   Thumb Code    90  heap_4.o(i.prvHeapInit)
    i.prvIdleTask                            0x080022ac   Section        0  tasks.o(i.prvIdleTask)
    prvIdleTask                              0x080022ad   Thumb Code    32  tasks.o(i.prvIdleTask)
    i.prvInitialiseNewTask                   0x080022d4   Section        0  tasks.o(i.prvInitialiseNewTask)
    prvInitialiseNewTask                     0x080022d5   Thumb Code   124  tasks.o(i.prvInitialiseNewTask)
    i.prvInitialiseTaskLists                 0x08002350   Section        0  tasks.o(i.prvInitialiseTaskLists)
    prvInitialiseTaskLists                   0x08002351   Thumb Code    70  tasks.o(i.prvInitialiseTaskLists)
    i.prvInsertBlockIntoFreeList             0x080023b8   Section        0  heap_4.o(i.prvInsertBlockIntoFreeList)
    prvInsertBlockIntoFreeList               0x080023b9   Thumb Code    96  heap_4.o(i.prvInsertBlockIntoFreeList)
    i.prvResetNextTaskUnblockTime            0x08002420   Section        0  tasks.o(i.prvResetNextTaskUnblockTime)
    prvResetNextTaskUnblockTime              0x08002421   Thumb Code    40  tasks.o(i.prvResetNextTaskUnblockTime)
    i.prvTaskExitError                       0x08002450   Section        0  port.o(i.prvTaskExitError)
    prvTaskExitError                         0x08002451   Thumb Code    22  port.o(i.prvTaskExitError)
    i.pvPortMalloc                           0x08002468   Section        0  heap_4.o(i.pvPortMalloc)
    i.pxPortInitialiseStack                  0x0800254c   Section        0  port.o(i.pxPortInitialiseStack)
    i.spi_MFRC_init                          0x08002570   Section        0  bsp_mfrc.o(i.spi_MFRC_init)
    i.test                                   0x08002620   Section        0  test.o(i.test)
    i.uxListRemove                           0x080026bc   Section        0  list.o(i.uxListRemove)
    i.vListInitialise                        0x080026e4   Section        0  list.o(i.vListInitialise)
    i.vListInitialiseItem                    0x080026fe   Section        0  list.o(i.vListInitialiseItem)
    i.vListInsertEnd                         0x08002704   Section        0  list.o(i.vListInsertEnd)
    i.vPortEnterCritical                     0x0800271c   Section        0  port.o(i.vPortEnterCritical)
    i.vPortExitCritical                      0x08002740   Section        0  port.o(i.vPortExitCritical)
    i.vPortFree                              0x08002760   Section        0  heap_4.o(i.vPortFree)
    i.vPortSetupTimerInterrupt               0x080027ac   Section        0  port.o(i.vPortSetupTimerInterrupt)
    i.vTaskDelete                            0x080027c4   Section        0  tasks.o(i.vTaskDelete)
    i.vTaskStartScheduler                    0x08002898   Section        0  tasks.o(i.vTaskStartScheduler)
    i.vTaskSuspendAll                        0x08002904   Section        0  tasks.o(i.vTaskSuspendAll)
    i.vTaskSwitchContext                     0x08002914   Section        0  tasks.o(i.vTaskSwitchContext)
    i.xPortStartScheduler                    0x08002974   Section        0  port.o(i.xPortStartScheduler)
    i.xPortSysTickHandler                    0x080029a8   Section        0  port.o(i.xPortSysTickHandler)
    i.xTaskCreate                            0x080029dc   Section        0  tasks.o(i.xTaskCreate)
    i.xTaskIncrementTick                     0x08002a44   Section        0  tasks.o(i.xTaskIncrementTick)
    i.xTaskResumeAll                         0x08002bd4   Section        0  tasks.o(i.xTaskResumeAll)
    .data                                    0x20000000   Section       20  stm32f10x_rcc.o(.data)
    APBAHBPrescTable                         0x20000000   Data          16  stm32f10x_rcc.o(.data)
    ADCPrescTable                            0x20000010   Data           4  stm32f10x_rcc.o(.data)
    .data                                    0x20000014   Section       40  main.o(.data)
    .data                                    0x2000003c   Section       28  heap_4.o(.data)
    xStart                                   0x2000003c   Data           8  heap_4.o(.data)
    pxEnd                                    0x20000044   Data           4  heap_4.o(.data)
    xFreeBytesRemaining                      0x20000048   Data           4  heap_4.o(.data)
    xMinimumEverFreeBytesRemaining           0x2000004c   Data           4  heap_4.o(.data)
    xNumberOfSuccessfulAllocations           0x20000050   Data           4  heap_4.o(.data)
    xNumberOfSuccessfulFrees                 0x20000054   Data           4  heap_4.o(.data)
    .data                                    0x20000058   Section       64  tasks.o(.data)
    pxDelayedTaskList                        0x2000005c   Data           4  tasks.o(.data)
    pxOverflowDelayedTaskList                0x20000060   Data           4  tasks.o(.data)
    uxDeletedTasksWaitingCleanUp             0x20000064   Data           4  tasks.o(.data)
    uxCurrentNumberOfTasks                   0x20000068   Data           4  tasks.o(.data)
    xTickCount                               0x2000006c   Data           4  tasks.o(.data)
    uxTopReadyPriority                       0x20000070   Data           4  tasks.o(.data)
    xSchedulerRunning                        0x20000074   Data           4  tasks.o(.data)
    xPendedTicks                             0x20000078   Data           4  tasks.o(.data)
    xYieldPending                            0x2000007c   Data           4  tasks.o(.data)
    xNumOfOverflows                          0x20000080   Data           4  tasks.o(.data)
    uxTaskNumber                             0x20000084   Data           4  tasks.o(.data)
    xNextTaskUnblockTime                     0x20000088   Data           4  tasks.o(.data)
    xIdleTaskHandle                          0x2000008c   Data           4  tasks.o(.data)
    uxSchedulerSuspended                     0x20000094   Data           4  tasks.o(.data)
    .data                                    0x20000098   Section        4  port.o(.data)
    uxCriticalNesting                        0x20000098   Data           4  port.o(.data)
    .data                                    0x2000009c   Section        8  bsp_ili9341_lcd.o(.data)
    .data                                    0x200000a4   Section        4  stdout.o(.data)
    .bss                                     0x200000a8   Section    17408  heap_4.o(.bss)
    ucHeap                                   0x200000a8   Data       17408  heap_4.o(.bss)
    .bss                                     0x200044a8   Section      200  tasks.o(.bss)
    pxReadyTasksLists                        0x200044a8   Data         100  tasks.o(.bss)
    xDelayedTaskList1                        0x2000450c   Data          20  tasks.o(.bss)
    xDelayedTaskList2                        0x20004520   Data          20  tasks.o(.bss)
    xPendingReadyList                        0x20004534   Data          20  tasks.o(.bss)
    xTasksWaitingTermination                 0x20004548   Data          20  tasks.o(.bss)
    xSuspendedTaskList                       0x2000455c   Data          20  tasks.o(.bss)
    STACK                                    0x20004570   Section     8192  startup_stm32f10x_hd.o(STACK)

    Global Symbols

    Symbol Name                              Value     Ov Type        Size  Object(Section)

    BuildAttributes$$THM_ISAv4$P$D$K$B$S$PE$A:L22UL41UL21$X:L11$S22US41US21$IEEE1$IW$USESV6$~STKCKD$USESV7$~SHL$OTIME$ROPI$IEEEX$EBA8$MICROLIB$REQ8$PRES8$EABIv2 0x00000000   Number         0  anon$$obj.o ABSOLUTE
    __ARM_use_no_argv                        0x00000000   Number         0  main.o ABSOLUTE
    _printf_a                                0x00000000   Number         0  stubs.o ABSOLUTE
    _printf_c                                0x00000000   Number         0  stubs.o ABSOLUTE
    _printf_charcount                        0x00000000   Number         0  stubs.o ABSOLUTE
    _printf_d                                0x00000000   Number         0  stubs.o ABSOLUTE
    _printf_e                                0x00000000   Number         0  stubs.o ABSOLUTE
    _printf_f                                0x00000000   Number         0  stubs.o ABSOLUTE
    _printf_flags                            0x00000000   Number         0  stubs.o ABSOLUTE
    _printf_fp_dec                           0x00000000   Number         0  stubs.o ABSOLUTE
    _printf_fp_hex                           0x00000000   Number         0  stubs.o ABSOLUTE
    _printf_g                                0x00000000   Number         0  stubs.o ABSOLUTE
    _printf_i                                0x00000000   Number         0  stubs.o ABSOLUTE
    _printf_int_dec                          0x00000000   Number         0  stubs.o ABSOLUTE
    _printf_l                                0x00000000   Number         0  stubs.o ABSOLUTE
    _printf_lc                               0x00000000   Number         0  stubs.o ABSOLUTE
    _printf_ll                               0x00000000   Number         0  stubs.o ABSOLUTE
    _printf_lld                              0x00000000   Number         0  stubs.o ABSOLUTE
    _printf_lli                              0x00000000   Number         0  stubs.o ABSOLUTE
    _printf_llo                              0x00000000   Number         0  stubs.o ABSOLUTE
    _printf_llu                              0x00000000   Number         0  stubs.o ABSOLUTE
    _printf_llx                              0x00000000   Number         0  stubs.o ABSOLUTE
    _printf_longlong_dec                     0x00000000   Number         0  stubs.o ABSOLUTE
    _printf_longlong_hex                     0x00000000   Number         0  stubs.o ABSOLUTE
    _printf_longlong_oct                     0x00000000   Number         0  stubs.o ABSOLUTE
    _printf_ls                               0x00000000   Number         0  stubs.o ABSOLUTE
    _printf_mbtowc                           0x00000000   Number         0  stubs.o ABSOLUTE
    _printf_n                                0x00000000   Number         0  stubs.o ABSOLUTE
    _printf_o                                0x00000000   Number         0  stubs.o ABSOLUTE
    _printf_p                                0x00000000   Number         0  stubs.o ABSOLUTE
    _printf_percent                          0x00000000   Number         0  stubs.o ABSOLUTE
    _printf_pre_padding                      0x00000000   Number         0  stubs.o ABSOLUTE
    _printf_return_value                     0x00000000   Number         0  stubs.o ABSOLUTE
    _printf_s                                0x00000000   Number         0  stubs.o ABSOLUTE
    _printf_sizespec                         0x00000000   Number         0  stubs.o ABSOLUTE
    _printf_str                              0x00000000   Number         0  stubs.o ABSOLUTE
    _printf_truncate_signed                  0x00000000   Number         0  stubs.o ABSOLUTE
    _printf_truncate_unsigned                0x00000000   Number         0  stubs.o ABSOLUTE
    _printf_u                                0x00000000   Number         0  stubs.o ABSOLUTE
    _printf_wc                               0x00000000   Number         0  stubs.o ABSOLUTE
    _printf_wctomb                           0x00000000   Number         0  stubs.o ABSOLUTE
    _printf_widthprec                        0x00000000   Number         0  stubs.o ABSOLUTE
    _printf_x                                0x00000000   Number         0  stubs.o ABSOLUTE
    __cpp_initialize__aeabi_                  - Undefined Weak Reference
    __cxa_finalize                            - Undefined Weak Reference
    __decompress                              - Undefined Weak Reference
    _clock_init                               - Undefined Weak Reference
    _microlib_exit                            - Undefined Weak Reference
    __Vectors_Size                           0x00000130   Number         0  startup_stm32f10x_hd.o ABSOLUTE
    __Vectors                                0x08000000   Data           4  startup_stm32f10x_hd.o(RESET)
    __Vectors_End                            0x08000130   Data           0  startup_stm32f10x_hd.o(RESET)
    __main                                   0x08000131   Thumb Code     0  entry.o(.ARM.Collect$$$$00000000)
    _main_stk                                0x08000131   Thumb Code     0  entry2.o(.ARM.Collect$$$$00000001)
    _main_scatterload                        0x08000135   Thumb Code     0  entry5.o(.ARM.Collect$$$$00000004)
    __main_after_scatterload                 0x08000139   Thumb Code     0  entry5.o(.ARM.Collect$$$$00000004)
    _main_clock                              0x08000139   Thumb Code     0  entry7b.o(.ARM.Collect$$$$00000008)
    _main_cpp_init                           0x08000139   Thumb Code     0  entry8b.o(.ARM.Collect$$$$0000000A)
    _main_init                               0x08000139   Thumb Code     0  entry9a.o(.ARM.Collect$$$$0000000B)
    __rt_final_cpp                           0x08000141   Thumb Code     0  entry10a.o(.ARM.Collect$$$$0000000D)
    __rt_final_exit                          0x08000141   Thumb Code     0  entry11a.o(.ARM.Collect$$$$0000000F)
    vPortSVCHandler                          0x08000145   Thumb Code    32  port.o(.emb_text)
    __asm___6_port_c_39a90d8d__prvStartFirstTask 0x08000169   Thumb Code    28  port.o(.emb_text)
    xPortPendSVHandler                       0x08000189   Thumb Code    72  port.o(.emb_text)
    vPortGetIPSR                             0x080001d5   Thumb Code     6  port.o(.emb_text)
    Reset_Handler                            0x080001dd   Thumb Code     8  startup_stm32f10x_hd.o(.text)
    ADC1_2_IRQHandler                        0x080001f7   Thumb Code     0  startup_stm32f10x_hd.o(.text)
    ADC3_IRQHandler                          0x080001f7   Thumb Code     0  startup_stm32f10x_hd.o(.text)
    CAN1_RX1_IRQHandler                      0x080001f7   Thumb Code     0  startup_stm32f10x_hd.o(.text)
    CAN1_SCE_IRQHandler                      0x080001f7   Thumb Code     0  startup_stm32f10x_hd.o(.text)
    DMA1_Channel1_IRQHandler                 0x080001f7   Thumb Code     0  startup_stm32f10x_hd.o(.text)
    DMA1_Channel2_IRQHandler                 0x080001f7   Thumb Code     0  startup_stm32f10x_hd.o(.text)
    DMA1_Channel3_IRQHandler                 0x080001f7   Thumb Code     0  startup_stm32f10x_hd.o(.text)
    DMA1_Channel4_IRQHandler                 0x080001f7   Thumb Code     0  startup_stm32f10x_hd.o(.text)
    DMA1_Channel5_IRQHandler                 0x080001f7   Thumb Code     0  startup_stm32f10x_hd.o(.text)
    DMA1_Channel6_IRQHandler                 0x080001f7   Thumb Code     0  startup_stm32f10x_hd.o(.text)
    DMA1_Channel7_IRQHandler                 0x080001f7   Thumb Code     0  startup_stm32f10x_hd.o(.text)
    DMA2_Channel1_IRQHandler                 0x080001f7   Thumb Code     0  startup_stm32f10x_hd.o(.text)
    DMA2_Channel2_IRQHandler                 0x080001f7   Thumb Code     0  startup_stm32f10x_hd.o(.text)
    DMA2_Channel3_IRQHandler                 0x080001f7   Thumb Code     0  startup_stm32f10x_hd.o(.text)
    DMA2_Channel4_5_IRQHandler               0x080001f7   Thumb Code     0  startup_stm32f10x_hd.o(.text)
    EXTI15_10_IRQHandler                     0x080001f7   Thumb Code     0  startup_stm32f10x_hd.o(.text)
    EXTI1_IRQHandler                         0x080001f7   Thumb Code     0  startup_stm32f10x_hd.o(.text)
    EXTI2_IRQHandler                         0x080001f7   Thumb Code     0  startup_stm32f10x_hd.o(.text)
    EXTI3_IRQHandler                         0x080001f7   Thumb Code     0  startup_stm32f10x_hd.o(.text)
    EXTI4_IRQHandler                         0x080001f7   Thumb Code     0  startup_stm32f10x_hd.o(.text)
    EXTI9_5_IRQHandler                       0x080001f7   Thumb Code     0  startup_stm32f10x_hd.o(.text)
    FLASH_IRQHandler                         0x080001f7   Thumb Code     0  startup_stm32f10x_hd.o(.text)
    FSMC_IRQHandler                          0x080001f7   Thumb Code     0  startup_stm32f10x_hd.o(.text)
    I2C1_ER_IRQHandler                       0x080001f7   Thumb Code     0  startup_stm32f10x_hd.o(.text)
    I2C1_EV_IRQHandler                       0x080001f7   Thumb Code     0  startup_stm32f10x_hd.o(.text)
    I2C2_ER_IRQHandler                       0x080001f7   Thumb Code     0  startup_stm32f10x_hd.o(.text)
    I2C2_EV_IRQHandler                       0x080001f7   Thumb Code     0  startup_stm32f10x_hd.o(.text)
    PVD_IRQHandler                           0x080001f7   Thumb Code     0  startup_stm32f10x_hd.o(.text)
    RCC_IRQHandler                           0x080001f7   Thumb Code     0  startup_stm32f10x_hd.o(.text)
    RTCAlarm_IRQHandler                      0x080001f7   Thumb Code     0  startup_stm32f10x_hd.o(.text)
    RTC_IRQHandler                           0x080001f7   Thumb Code     0  startup_stm32f10x_hd.o(.text)
    SDIO_IRQHandler                          0x080001f7   Thumb Code     0  startup_stm32f10x_hd.o(.text)
    SPI1_IRQHandler                          0x080001f7   Thumb Code     0  startup_stm32f10x_hd.o(.text)
    SPI2_IRQHandler                          0x080001f7   Thumb Code     0  startup_stm32f10x_hd.o(.text)
    SPI3_IRQHandler                          0x080001f7   Thumb Code     0  startup_stm32f10x_hd.o(.text)
    TAMPER_IRQHandler                        0x080001f7   Thumb Code     0  startup_stm32f10x_hd.o(.text)
    TIM1_BRK_IRQHandler                      0x080001f7   Thumb Code     0  startup_stm32f10x_hd.o(.text)
    TIM1_CC_IRQHandler                       0x080001f7   Thumb Code     0  startup_stm32f10x_hd.o(.text)
    TIM1_TRG_COM_IRQHandler                  0x080001f7   Thumb Code     0  startup_stm32f10x_hd.o(.text)
    TIM1_UP_IRQHandler                       0x080001f7   Thumb Code     0  startup_stm32f10x_hd.o(.text)
    TIM2_IRQHandler                          0x080001f7   Thumb Code     0  startup_stm32f10x_hd.o(.text)
    TIM3_IRQHandler                          0x080001f7   Thumb Code     0  startup_stm32f10x_hd.o(.text)
    TIM4_IRQHandler                          0x080001f7   Thumb Code     0  startup_stm32f10x_hd.o(.text)
    TIM5_IRQHandler                          0x080001f7   Thumb Code     0  startup_stm32f10x_hd.o(.text)
    TIM6_IRQHandler                          0x080001f7   Thumb Code     0  startup_stm32f10x_hd.o(.text)
    TIM7_IRQHandler                          0x080001f7   Thumb Code     0  startup_stm32f10x_hd.o(.text)
    TIM8_BRK_IRQHandler                      0x080001f7   Thumb Code     0  startup_stm32f10x_hd.o(.text)
    TIM8_CC_IRQHandler                       0x080001f7   Thumb Code     0  startup_stm32f10x_hd.o(.text)
    TIM8_TRG_COM_IRQHandler                  0x080001f7   Thumb Code     0  startup_stm32f10x_hd.o(.text)
    TIM8_UP_IRQHandler                       0x080001f7   Thumb Code     0  startup_stm32f10x_hd.o(.text)
    UART4_IRQHandler                         0x080001f7   Thumb Code     0  startup_stm32f10x_hd.o(.text)
    UART5_IRQHandler                         0x080001f7   Thumb Code     0  startup_stm32f10x_hd.o(.text)
    USART1_IRQHandler                        0x080001f7   Thumb Code     0  startup_stm32f10x_hd.o(.text)
    USART2_IRQHandler                        0x080001f7   Thumb Code     0  startup_stm32f10x_hd.o(.text)
    USART3_IRQHandler                        0x080001f7   Thumb Code     0  startup_stm32f10x_hd.o(.text)
    USBWakeUp_IRQHandler                     0x080001f7   Thumb Code     0  startup_stm32f10x_hd.o(.text)
    USB_HP_CAN1_TX_IRQHandler                0x080001f7   Thumb Code     0  startup_stm32f10x_hd.o(.text)
    USB_LP_CAN1_RX0_IRQHandler               0x080001f7   Thumb Code     0  startup_stm32f10x_hd.o(.text)
    WWDG_IRQHandler                          0x080001f7   Thumb Code     0  startup_stm32f10x_hd.o(.text)
    __aeabi_uldivmod                         0x08000201   Thumb Code    98  uldiv.o(.text)
    __aeabi_memset                           0x08000263   Thumb Code    14  memseta.o(.text)
    __aeabi_memset4                          0x08000263   Thumb Code     0  memseta.o(.text)
    __aeabi_memset8                          0x08000263   Thumb Code     0  memseta.o(.text)
    __aeabi_memclr                           0x08000271   Thumb Code     4  memseta.o(.text)
    __aeabi_memclr4                          0x08000271   Thumb Code     0  memseta.o(.text)
    __aeabi_memclr8                          0x08000271   Thumb Code     0  memseta.o(.text)
    memset                                   0x08000275   Thumb Code    18  memseta.o(.text)
    __aeabi_llsl                             0x08000287   Thumb Code    30  llshl.o(.text)
    _ll_shift_l                              0x08000287   Thumb Code     0  llshl.o(.text)
    __aeabi_llsr                             0x080002a5   Thumb Code    32  llushr.o(.text)
    _ll_ushift_r                             0x080002a5   Thumb Code     0  llushr.o(.text)
    __scatterload                            0x080002c5   Thumb Code    28  init.o(.text)
    __scatterload_rt2                        0x080002c5   Thumb Code     0  init.o(.text)
    BusFault_Handler                         0x08000355   Thumb Code     4  stm32f10x_it.o(i.BusFault_Handler)
    DebugMon_Handler                         0x08000359   Thumb Code     2  stm32f10x_it.o(i.DebugMon_Handler)
    EXTI0_IRQHandler                         0x0800035d   Thumb Code    30  main.o(i.EXTI0_IRQHandler)
    EXTI_ClearITPendingBit                   0x08000381   Thumb Code     6  stm32f10x_exti.o(i.EXTI_ClearITPendingBit)
    EXTI_GetITStatus                         0x0800038d   Thumb Code    34  stm32f10x_exti.o(i.EXTI_GetITStatus)
    EXTI_Init                                0x080003b5   Thumb Code   142  stm32f10x_exti.o(i.EXTI_Init)
    FSMC_NORSRAMCmd                          0x08000449   Thumb Code    46  stm32f10x_fsmc.o(i.FSMC_NORSRAMCmd)
    FSMC_NORSRAMInit                         0x0800047d   Thumb Code   230  stm32f10x_fsmc.o(i.FSMC_NORSRAMInit)
    GPIO_EXTILineConfig                      0x08000565   Thumb Code    60  stm32f10x_gpio.o(i.GPIO_EXTILineConfig)
    GPIO_Init                                0x080005a5   Thumb Code   278  stm32f10x_gpio.o(i.GPIO_Init)
    GPIO_ReadInputDataBit                    0x080006bb   Thumb Code    18  stm32f10x_gpio.o(i.GPIO_ReadInputDataBit)
    GPIO_ResetBits                           0x080006cd   Thumb Code     4  stm32f10x_gpio.o(i.GPIO_ResetBits)
    GPIO_SetBits                             0x080006d1   Thumb Code     4  stm32f10x_gpio.o(i.GPIO_SetBits)
    HardFault_Handler                        0x080006d5   Thumb Code     4  stm32f10x_it.o(i.HardFault_Handler)
    ILI9341_BackLed_Control                  0x080006d9   Thumb Code    30  bsp_ili9341_lcd.o(i.ILI9341_BackLed_Control)
    ILI9341_GramScan                         0x08000919   Thumb Code   208  bsp_ili9341_lcd.o(i.ILI9341_GramScan)
    ILI9341_Init                             0x080009f9   Thumb Code    34  bsp_ili9341_lcd.o(i.ILI9341_Init)
    ILI9341_ReadID                           0x08000e71   Thumb Code   100  bsp_ili9341_lcd.o(i.ILI9341_ReadID)
    ILI9341_Read_Data                        0x08000ed5   Thumb Code     6  bsp_ili9341_lcd.o(i.ILI9341_Read_Data)
    ILI9341_Rst                              0x08000ee1   Thumb Code    36  bsp_ili9341_lcd.o(i.ILI9341_Rst)
    ILI9341_Write_Cmd                        0x08000f09   Thumb Code     8  bsp_ili9341_lcd.o(i.ILI9341_Write_Cmd)
    ILI9341_Write_Data                       0x08000f11   Thumb Code     6  bsp_ili9341_lcd.o(i.ILI9341_Write_Data)
    LED_GPIO_Config                          0x08000f1d   Thumb Code    94  bsp_led.o(i.LED_GPIO_Config)
    MFRC_read_byte                           0x08000f81   Thumb Code    74  bsp_mfrc.o(i.MFRC_read_byte)
    MFRC_write_byte                          0x08000fd1   Thumb Code    82  bsp_mfrc.o(i.MFRC_write_byte)
    MemManage_Handler                        0x08001029   Thumb Code     4  stm32f10x_it.o(i.MemManage_Handler)
    NMI_Handler                              0x0800102d   Thumb Code     2  stm32f10x_it.o(i.NMI_Handler)
    NVIC_Init                                0x08001031   Thumb Code   100  misc.o(i.NVIC_Init)
    NVIC_PriorityGroupConfig                 0x080010a1   Thumb Code    10  misc.o(i.NVIC_PriorityGroupConfig)
    PWM_Init                                 0x080010b5   Thumb Code   150  pwm.o(i.PWM_Init)
    PcdAnticoll                              0x08001155   Thumb Code   114  bsp_mfrc.o(i.PcdAnticoll)
    PcdComMF522                              0x080011c7   Thumb Code   306  bsp_mfrc.o(i.PcdComMF522)
    PcdRequest                               0x080012f9   Thumb Code    86  bsp_mfrc.o(i.PcdRequest)
    RC522_Antenna_On                         0x0800134f   Thumb Code    34  bsp_mfrc.o(i.RC522_Antenna_On)
    RC522_ClearBit_Register                  0x08001371   Thumb Code    26  bsp_mfrc.o(i.RC522_ClearBit_Register)
    RC522_Config_Type                        0x0800138b   Thumb Code    86  bsp_mfrc.o(i.RC522_Config_Type)
    RC522_Read_Register                      0x080013e1   Thumb Code    50  bsp_mfrc.o(i.RC522_Read_Register)
    RC522_Rese                               0x08001419   Thumb Code   136  bsp_mfrc.o(i.RC522_Rese)
    RC522_SetBit_Register                    0x080014a5   Thumb Code    26  bsp_mfrc.o(i.RC522_SetBit_Register)
    RC522_Write_Register                     0x080014c1   Thumb Code    46  bsp_mfrc.o(i.RC522_Write_Register)
    RCC_AHBPeriphClockCmd                    0x080014f5   Thumb Code    26  stm32f10x_rcc.o(i.RCC_AHBPeriphClockCmd)
    RCC_APB1PeriphClockCmd                   0x08001515   Thumb Code    26  stm32f10x_rcc.o(i.RCC_APB1PeriphClockCmd)
    RCC_APB2PeriphClockCmd                   0x08001535   Thumb Code    26  stm32f10x_rcc.o(i.RCC_APB2PeriphClockCmd)
    RCC_GetClocksFreq                        0x08001555   Thumb Code   192  stm32f10x_rcc.o(i.RCC_GetClocksFreq)
    SystemInit                               0x08001711   Thumb Code    78  system_stm32f10x.o(i.SystemInit)
    TIM_Cmd                                  0x08001771   Thumb Code    24  stm32f10x_tim.o(i.TIM_Cmd)
    TIM_CtrlPWMOutputs                       0x08001789   Thumb Code    30  stm32f10x_tim.o(i.TIM_CtrlPWMOutputs)
    TIM_InternalClockConfig                  0x080017a7   Thumb Code    12  stm32f10x_tim.o(i.TIM_InternalClockConfig)
    TIM_OC1Init                              0x080017b5   Thumb Code   132  stm32f10x_tim.o(i.TIM_OC1Init)
    TIM_OCStructInit                         0x0800184d   Thumb Code    20  stm32f10x_tim.o(i.TIM_OCStructInit)
    TIM_TimeBaseInit                         0x08001861   Thumb Code   122  stm32f10x_tim.o(i.TIM_TimeBaseInit)
    USART_Cmd                                0x08001905   Thumb Code    24  stm32f10x_usart.o(i.USART_Cmd)
    USART_Config                             0x0800191d   Thumb Code   132  bsp_usart.o(i.USART_Config)
    USART_GetFlagStatus                      0x080019a9   Thumb Code    26  stm32f10x_usart.o(i.USART_GetFlagStatus)
    USART_Init                               0x080019c5   Thumb Code   210  stm32f10x_usart.o(i.USART_Init)
    USART_SendData                           0x08001a9d   Thumb Code     8  stm32f10x_usart.o(i.USART_SendData)
    UsageFault_Handler                       0x08001aa5   Thumb Code     4  stm32f10x_it.o(i.UsageFault_Handler)
    XPT2046_Init                             0x08001aa9   Thumb Code   138  bsp_xpt2046_lcd.o(i.XPT2046_Init)
    __0printf$8                              0x08001b3d   Thumb Code    22  printf8.o(i.__0printf$8)
    __1printf$8                              0x08001b3d   Thumb Code     0  printf8.o(i.__0printf$8)
    __2printf                                0x08001b3d   Thumb Code     0  printf8.o(i.__0printf$8)
    __0sprintf$8                             0x08001b5d   Thumb Code    34  printf8.o(i.__0sprintf$8)
    __1sprintf$8                             0x08001b5d   Thumb Code     0  printf8.o(i.__0sprintf$8)
    __2sprintf                               0x08001b5d   Thumb Code     0  printf8.o(i.__0sprintf$8)
    __scatterload_copy                       0x08001b85   Thumb Code    14  handlers.o(i.__scatterload_copy)
    __scatterload_null                       0x08001b93   Thumb Code     2  handlers.o(i.__scatterload_null)
    __scatterload_zeroinit                   0x08001b95   Thumb Code    14  handlers.o(i.__scatterload_zeroinit)
    fputc                                    0x0800202d   Thumb Code    32  bsp_usart.o(i.fputc)
    key1_init                                0x08002051   Thumb Code    90  bsp_key.o(i.key1_init)
    main                                     0x080020b1   Thumb Code    50  main.o(i.main)
    pvPortMalloc                             0x08002469   Thumb Code   208  heap_4.o(i.pvPortMalloc)
    pxPortInitialiseStack                    0x0800254d   Thumb Code    30  port.o(i.pxPortInitialiseStack)
    spi_MFRC_init                            0x08002571   Thumb Code   172  bsp_mfrc.o(i.spi_MFRC_init)
    test                                     0x08002621   Thumb Code   106  test.o(i.test)
    uxListRemove                             0x080026bd   Thumb Code    40  list.o(i.uxListRemove)
    vListInitialise                          0x080026e5   Thumb Code    26  list.o(i.vListInitialise)
    vListInitialiseItem                      0x080026ff   Thumb Code     6  list.o(i.vListInitialiseItem)
    vListInsertEnd                           0x08002705   Thumb Code    24  list.o(i.vListInsertEnd)
    vPortEnterCritical                       0x0800271d   Thumb Code    30  port.o(i.vPortEnterCritical)
    vPortExitCritical                        0x08002741   Thumb Code    28  port.o(i.vPortExitCritical)
    vPortFree                                0x08002761   Thumb Code    68  heap_4.o(i.vPortFree)
    vPortSetupTimerInterrupt                 0x080027ad   Thumb Code    20  port.o(i.vPortSetupTimerInterrupt)
    vTaskDelete                              0x080027c5   Thumb Code   174  tasks.o(i.vTaskDelete)
    vTaskStartScheduler                      0x08002899   Thumb Code    76  tasks.o(i.vTaskStartScheduler)
    vTaskSuspendAll                          0x08002905   Thumb Code    12  tasks.o(i.vTaskSuspendAll)
    vTaskSwitchContext                       0x08002915   Thumb Code    76  tasks.o(i.vTaskSwitchContext)
    xPortStartScheduler                      0x08002975   Thumb Code    42  port.o(i.xPortStartScheduler)
    xPortSysTickHandler                      0x080029a9   Thumb Code    46  port.o(i.xPortSysTickHandler)
    xTaskCreate                              0x080029dd   Thumb Code   104  tasks.o(i.xTaskCreate)
    xTaskIncrementTick                       0x08002a45   Thumb Code   356  tasks.o(i.xTaskIncrementTick)
    xTaskResumeAll                           0x08002bd5   Thumb Code   310  tasks.o(i.xTaskResumeAll)
    Region$$Table$$Base                      0x08002d30   Number         0  anon$$obj.o(Region$$Table)
    Region$$Table$$Limit                     0x08002d50   Number         0  anon$$obj.o(Region$$Table)
    AppTaskCreate_Handle                     0x20000014   Data           4  main.o(.data)
    Touch_Task_Handle                        0x20000018   Data           4  main.o(.data)
    DemoRedraw                               0x2000001c   Data           4  main.o(.data)
    FatFs_test_Handle                        0x20000020   Data           4  main.o(.data)
    test_Handle                              0x20000024   Data           4  main.o(.data)
    _key                                     0x20000028   Data          20  main.o(.data)
    pxCurrentTCB                             0x20000058   Data           4  tasks.o(.data)
    uxTopUsedPriority                        0x20000090   Data           4  tasks.o(.data)
    LCD_X_LENGTH                             0x2000009c   Data           2  bsp_ili9341_lcd.o(.data)
    LCD_Y_LENGTH                             0x2000009e   Data           2  bsp_ili9341_lcd.o(.data)
    LCD_SCAN_MODE                            0x200000a0   Data           1  bsp_ili9341_lcd.o(.data)
    lcdid                                    0x200000a2   Data           2  bsp_ili9341_lcd.o(.data)
    __stdout                                 0x200000a4   Data           4  stdout.o(.data)
    __initial_sp                             0x20006570   Data           0  startup_stm32f10x_hd.o(STACK)



==============================================================================

Memory Map of the image

  Image Entry point : 0x08000131

  Load Region LR_IROM1 (Base: 0x08000000, Size: 0x00002df8, Max: 0x00080000, ABSOLUTE)

    Execution Region ER_IROM1 (Base: 0x08000000, Size: 0x00002d50, Max: 0x00080000, ABSOLUTE)

    Base Addr    Size         Type   Attr      Idx    E Section Name        Object

    0x08000000   0x00000130   Data   RO            3    RESET               startup_stm32f10x_hd.o
    0x08000130   0x00000000   Code   RO         7217  * .ARM.Collect$$$$00000000  mc_w.l(entry.o)
    0x08000130   0x00000004   Code   RO         7533    .ARM.Collect$$$$00000001  mc_w.l(entry2.o)
    0x08000134   0x00000004   Code   RO         7536    .ARM.Collect$$$$00000004  mc_w.l(entry5.o)
    0x08000138   0x00000000   Code   RO         7538    .ARM.Collect$$$$00000008  mc_w.l(entry7b.o)
    0x08000138   0x00000000   Code   RO         7540    .ARM.Collect$$$$0000000A  mc_w.l(entry8b.o)
    0x08000138   0x00000008   Code   RO         7541    .ARM.Collect$$$$0000000B  mc_w.l(entry9a.o)
    0x08000140   0x00000000   Code   RO         7543    .ARM.Collect$$$$0000000D  mc_w.l(entry10a.o)
    0x08000140   0x00000000   Code   RO         7545    .ARM.Collect$$$$0000000F  mc_w.l(entry11a.o)
    0x08000140   0x00000004   Code   RO         7534    .ARM.Collect$$$$00002712  mc_w.l(entry2.o)
    0x08000144   0x00000096   Code   RO         4285    .emb_text           port.o
    0x080001da   0x00000002   PAD
    0x080001dc   0x00000024   Code   RO            4    .text               startup_stm32f10x_hd.o
    0x08000200   0x00000062   Code   RO         7220    .text               mc_w.l(uldiv.o)
    0x08000262   0x00000024   Code   RO         7230    .text               mc_w.l(memseta.o)
    0x08000286   0x0000001e   Code   RO         7550    .text               mc_w.l(llshl.o)
    0x080002a4   0x00000020   Code   RO         7552    .text               mc_w.l(llushr.o)
    0x080002c4   0x00000024   Code   RO         7567    .text               mc_w.l(init.o)
    0x080002e8   0x00000040   Code   RO         3108    i.AppTaskCreate     main.o
    0x08000328   0x0000002c   Code   RO         3109    i.BSP_Init          main.o
    0x08000354   0x00000004   Code   RO         3376    i.BusFault_Handler  stm32f10x_it.o
    0x08000358   0x00000002   Code   RO         3377    i.DebugMon_Handler  stm32f10x_it.o
    0x0800035a   0x00000002   PAD
    0x0800035c   0x00000024   Code   RO         3110    i.EXTI0_IRQHandler  main.o
    0x08000380   0x0000000c   Code   RO          939    i.EXTI_ClearITPendingBit  stm32f10x_exti.o
    0x0800038c   0x00000028   Code   RO          943    i.EXTI_GetITStatus  stm32f10x_exti.o
    0x080003b4   0x00000094   Code   RO          944    i.EXTI_Init         stm32f10x_exti.o
    0x08000448   0x00000034   Code   RO         1177    i.FSMC_NORSRAMCmd   stm32f10x_fsmc.o
    0x0800047c   0x000000e6   Code   RO         1179    i.FSMC_NORSRAMInit  stm32f10x_fsmc.o
    0x08000562   0x00000002   PAD
    0x08000564   0x00000040   Code   RO         1289    i.GPIO_EXTILineConfig  stm32f10x_gpio.o
    0x080005a4   0x00000116   Code   RO         1292    i.GPIO_Init         stm32f10x_gpio.o
    0x080006ba   0x00000012   Code   RO         1296    i.GPIO_ReadInputDataBit  stm32f10x_gpio.o
    0x080006cc   0x00000004   Code   RO         1299    i.GPIO_ResetBits    stm32f10x_gpio.o
    0x080006d0   0x00000004   Code   RO         1300    i.GPIO_SetBits      stm32f10x_gpio.o
    0x080006d4   0x00000004   Code   RO         3378    i.HardFault_Handler  stm32f10x_it.o
    0x080006d8   0x00000024   Code   RO         4729    i.ILI9341_BackLed_Control  bsp_ili9341_lcd.o
    0x080006fc   0x00000012   Code   RO         4730    i.ILI9341_Delay     bsp_ili9341_lcd.o
    0x0800070e   0x0000006e   Code   RO         4731    i.ILI9341_FSMC_Config  bsp_ili9341_lcd.o
    0x0800077c   0x0000019c   Code   RO         4732    i.ILI9341_GPIO_Config  bsp_ili9341_lcd.o
    0x08000918   0x000000e0   Code   RO         4733    i.ILI9341_GramScan  bsp_ili9341_lcd.o
    0x080009f8   0x00000028   Code   RO         4734    i.ILI9341_Init      bsp_ili9341_lcd.o
    0x08000a20   0x00000450   Code   RO         4735    i.ILI9341_REG_Config  bsp_ili9341_lcd.o
    0x08000e70   0x00000064   Code   RO         4736    i.ILI9341_ReadID    bsp_ili9341_lcd.o
    0x08000ed4   0x0000000c   Code   RO         4737    i.ILI9341_Read_Data  bsp_ili9341_lcd.o
    0x08000ee0   0x00000028   Code   RO         4738    i.ILI9341_Rst       bsp_ili9341_lcd.o
    0x08000f08   0x00000008   Code   RO         4739    i.ILI9341_Write_Cmd  bsp_ili9341_lcd.o
    0x08000f10   0x0000000c   Code   RO         4740    i.ILI9341_Write_Data  bsp_ili9341_lcd.o
    0x08000f1c   0x00000064   Code   RO         4861    i.LED_GPIO_Config   bsp_led.o
    0x08000f80   0x00000050   Code   RO         5113    i.MFRC_read_byte    bsp_mfrc.o
    0x08000fd0   0x00000058   Code   RO         5114    i.MFRC_write_byte   bsp_mfrc.o
    0x08001028   0x00000004   Code   RO         3379    i.MemManage_Handler  stm32f10x_it.o
    0x0800102c   0x00000002   Code   RO         3380    i.NMI_Handler       stm32f10x_it.o
    0x0800102e   0x00000002   PAD
    0x08001030   0x00000070   Code   RO          137    i.NVIC_Init         misc.o
    0x080010a0   0x00000014   Code   RO          138    i.NVIC_PriorityGroupConfig  misc.o
    0x080010b4   0x000000a0   Code   RO         4843    i.PWM_Init          pwm.o
    0x08001154   0x00000072   Code   RO         5115    i.PcdAnticoll       bsp_mfrc.o
    0x080011c6   0x00000132   Code   RO         5117    i.PcdComMF522       bsp_mfrc.o
    0x080012f8   0x00000056   Code   RO         5120    i.PcdRequest        bsp_mfrc.o
    0x0800134e   0x00000022   Code   RO         5124    i.RC522_Antenna_On  bsp_mfrc.o
    0x08001370   0x0000001a   Code   RO         5125    i.RC522_ClearBit_Register  bsp_mfrc.o
    0x0800138a   0x00000056   Code   RO         5126    i.RC522_Config_Type  bsp_mfrc.o
    0x080013e0   0x00000038   Code   RO         5127    i.RC522_Read_Register  bsp_mfrc.o
    0x08001418   0x0000008c   Code   RO         5128    i.RC522_Rese        bsp_mfrc.o
    0x080014a4   0x0000001a   Code   RO         5129    i.RC522_SetBit_Register  bsp_mfrc.o
    0x080014be   0x00000002   PAD
    0x080014c0   0x00000034   Code   RO         5130    i.RC522_Write_Register  bsp_mfrc.o
    0x080014f4   0x00000020   Code   RO         1707    i.RCC_AHBPeriphClockCmd  stm32f10x_rcc.o
    0x08001514   0x00000020   Code   RO         1708    i.RCC_APB1PeriphClockCmd  stm32f10x_rcc.o
    0x08001534   0x00000020   Code   RO         1710    i.RCC_APB2PeriphClockCmd  stm32f10x_rcc.o
    0x08001554   0x000000d4   Code   RO         1718    i.RCC_GetClocksFreq  stm32f10x_rcc.o
    0x08001628   0x00000008   Code   RO           24    i.SetSysClock       system_stm32f10x.o
    0x08001630   0x000000e0   Code   RO           25    i.SetSysClockTo72   system_stm32f10x.o
    0x08001710   0x00000060   Code   RO           27    i.SystemInit        system_stm32f10x.o
    0x08001770   0x00000018   Code   RO         2342    i.TIM_Cmd           stm32f10x_tim.o
    0x08001788   0x0000001e   Code   RO         2344    i.TIM_CtrlPWMOutputs  stm32f10x_tim.o
    0x080017a6   0x0000000c   Code   RO         2369    i.TIM_InternalClockConfig  stm32f10x_tim.o
    0x080017b2   0x00000002   PAD
    0x080017b4   0x00000098   Code   RO         2371    i.TIM_OC1Init       stm32f10x_tim.o
    0x0800184c   0x00000014   Code   RO         2389    i.TIM_OCStructInit  stm32f10x_tim.o
    0x08001860   0x000000a4   Code   RO         2413    i.TIM_TimeBaseInit  stm32f10x_tim.o
    0x08001904   0x00000018   Code   RO         2878    i.USART_Cmd         stm32f10x_usart.o
    0x0800191c   0x0000008c   Code   RO         4681    i.USART_Config      bsp_usart.o
    0x080019a8   0x0000001a   Code   RO         2881    i.USART_GetFlagStatus  stm32f10x_usart.o
    0x080019c2   0x00000002   PAD
    0x080019c4   0x000000d8   Code   RO         2885    i.USART_Init        stm32f10x_usart.o
    0x08001a9c   0x00000008   Code   RO         2895    i.USART_SendData    stm32f10x_usart.o
    0x08001aa4   0x00000004   Code   RO         3384    i.UsageFault_Handler  stm32f10x_it.o
    0x08001aa8   0x00000094   Code   RO         4810    i.XPT2046_Init      bsp_xpt2046_lcd.o
    0x08001b3c   0x00000020   Code   RO         7455    i.__0printf$8       mc_w.l(printf8.o)
    0x08001b5c   0x00000028   Code   RO         7457    i.__0sprintf$8      mc_w.l(printf8.o)
    0x08001b84   0x0000000e   Code   RO         7626    i.__scatterload_copy  mc_w.l(handlers.o)
    0x08001b92   0x00000002   Code   RO         7627    i.__scatterload_null  mc_w.l(handlers.o)
    0x08001b94   0x0000000e   Code   RO         7628    i.__scatterload_zeroinit  mc_w.l(handlers.o)
    0x08001ba2   0x00000002   PAD
    0x08001ba4   0x00000410   Code   RO         7462    i._printf_core      mc_w.l(printf8.o)
    0x08001fb4   0x00000024   Code   RO         7463    i._printf_post_padding  mc_w.l(printf8.o)
    0x08001fd8   0x0000002e   Code   RO         7464    i._printf_pre_padding  mc_w.l(printf8.o)
    0x08002006   0x0000000a   Code   RO         7466    i._sputc            mc_w.l(printf8.o)
    0x08002010   0x0000001c   Code   RO         5131    i.delay_MFRC        bsp_mfrc.o
    0x0800202c   0x00000024   Code   RO         4687    i.fputc             bsp_usart.o
    0x08002050   0x00000060   Code   RO         5100    i.key1_init         bsp_key.o
    0x080020b0   0x0000004c   Code   RO         3111    i.main              main.o
    0x080020fc   0x000000e4   Code   RO         3959    i.prvAddNewTaskToReadyList  tasks.o
    0x080021e0   0x00000048   Code   RO         3960    i.prvCheckTasksWaitingTermination  tasks.o
    0x08002228   0x00000012   Code   RO         3961    i.prvDeleteTCB      tasks.o
    0x0800223a   0x00000002   PAD
    0x0800223c   0x00000070   Code   RO         3703    i.prvHeapInit       heap_4.o
    0x080022ac   0x00000028   Code   RO         3962    i.prvIdleTask       tasks.o
    0x080022d4   0x0000007c   Code   RO         3963    i.prvInitialiseNewTask  tasks.o
    0x08002350   0x00000068   Code   RO         3964    i.prvInitialiseTaskLists  tasks.o
    0x080023b8   0x00000068   Code   RO         3704    i.prvInsertBlockIntoFreeList  heap_4.o
    0x08002420   0x00000030   Code   RO         3965    i.prvResetNextTaskUnblockTime  tasks.o
    0x08002450   0x00000016   Code   RO         4286    i.prvTaskExitError  port.o
    0x08002466   0x00000002   PAD
    0x08002468   0x000000e4   Code   RO         3706    i.pvPortMalloc      heap_4.o
    0x0800254c   0x00000024   Code   RO         4287    i.pxPortInitialiseStack  port.o
    0x08002570   0x000000b0   Code   RO         5132    i.spi_MFRC_init     bsp_mfrc.o
    0x08002620   0x0000009c   Code   RO         3590    i.test              test.o
    0x080026bc   0x00000028   Code   RO         3770    i.uxListRemove      list.o
    0x080026e4   0x0000001a   Code   RO         3771    i.vListInitialise   list.o
    0x080026fe   0x00000006   Code   RO         3772    i.vListInitialiseItem  list.o
    0x08002704   0x00000018   Code   RO         3774    i.vListInsertEnd    list.o
    0x0800271c   0x00000024   Code   RO         4289    i.vPortEnterCritical  port.o
    0x08002740   0x00000020   Code   RO         4290    i.vPortExitCritical  port.o
    0x08002760   0x0000004c   Code   RO         3707    i.vPortFree         heap_4.o
    0x080027ac   0x00000018   Code   RO         4291    i.vPortSetupTimerInterrupt  port.o
    0x080027c4   0x000000d4   Code   RO         3975    i.vTaskDelete       tasks.o
    0x08002898   0x0000006c   Code   RO         3987    i.vTaskStartScheduler  tasks.o
    0x08002904   0x00000010   Code   RO         3989    i.vTaskSuspendAll   tasks.o
    0x08002914   0x00000060   Code   RO         3990    i.vTaskSwitchContext  tasks.o
    0x08002974   0x00000034   Code   RO         4292    i.xPortStartScheduler  port.o
    0x080029a8   0x00000034   Code   RO         4293    i.xPortSysTickHandler  port.o
    0x080029dc   0x00000068   Code   RO         3993    i.xTaskCreate       tasks.o
    0x08002a44   0x00000190   Code   RO         4002    i.xTaskIncrementTick  tasks.o
    0x08002bd4   0x0000015c   Code   RO         4006    i.xTaskResumeAll    tasks.o
    0x08002d30   0x00000020   Data   RO         7624    Region$$Table       anon$$obj.o


    Execution Region RW_IRAM1 (Base: 0x20000000, Size: 0x00006570, Max: 0x00010000, ABSOLUTE)

    Base Addr    Size         Type   Attr      Idx    E Section Name        Object

    0x20000000   0x00000014   Data   RW         1738    .data               stm32f10x_rcc.o
    0x20000014   0x00000028   Data   RW         3114    .data               main.o
    0x2000003c   0x0000001c   Data   RW         3713    .data               heap_4.o
    0x20000058   0x00000040   Data   RW         4009    .data               tasks.o
    0x20000098   0x00000004   Data   RW         4294    .data               port.o
    0x2000009c   0x00000008   Data   RW         4741    .data               bsp_ili9341_lcd.o
    0x200000a4   0x00000004   Data   RW         7547    .data               mc_w.l(stdout.o)
    0x200000a8   0x00004400   Zero   RW         3712    .bss                heap_4.o
    0x200044a8   0x000000c8   Zero   RW         4008    .bss                tasks.o
    0x20004570   0x00002000   Zero   RW            1    STACK               startup_stm32f10x_hd.o


==============================================================================

Image component sizes


      Code (inc. data)   RO Data    RW Data    ZI Data      Debug   Object Name

      2116         70          0          8          0       8164   bsp_ili9341_lcd.o
        96          6          0          0          0        604   bsp_key.o
       100          6          0          0          0        558   bsp_led.o
      1298         32          0          0          0       9415   bsp_mfrc.o
       176         12          0          0          0       1243   bsp_usart.o
       148         10          0          0          0        595   bsp_xpt2046_lcd.o
         0          0          0          0          0       4508   core_cm3.o
         0          0          0          0          0       2544   event_groups.o
         0          0          0          0          0       1228   fatfs_test.o
       520         58          0         28      17408       4659   heap_4.o
        96          0          0          0          0       2672   list.o
       220         52          0         40          0      75756   main.o
       132         22          0          0          0       1727   misc.o
       404         48          0          4          0       9272   port.o
       160         10          0          0          0        655   pwm.o
        36          8        304          0       8192        884   startup_stm32f10x_hd.o
       200         18          0          0          0       2360   stm32f10x_exti.o
       282          6          0          0          0       2005   stm32f10x_fsmc.o
       368          4          0          0          0       4638   stm32f10x_gpio.o
        20          0          0          0          0       2681   stm32f10x_it.o
       308         38          0         20          0       5334   stm32f10x_rcc.o
       402         62          0          0          0       4481   stm32f10x_tim.o
       274          6          0          0          0       4324   stm32f10x_usart.o
       328         28          0          0          0     260953   system_stm32f10x.o
      1918        266          0         64        200      25796   tasks.o
       156         50          0          0          0        563   test.o

    ----------------------------------------------------------------------
      9776        812        336        164      25800     437619   Object Totals
         0          0         32          0          0          0   (incl. Generated)
        18          0          0          0          0          0   (incl. Padding)

    ----------------------------------------------------------------------

      Code (inc. data)   RO Data    RW Data    ZI Data      Debug   Library Member Name

         0          0          0          0          0          0   entry.o
         0          0          0          0          0          0   entry10a.o
         0          0          0          0          0          0   entry11a.o
         8          4          0          0          0          0   entry2.o
         4          0          0          0          0          0   entry5.o
         0          0          0          0          0          0   entry7b.o
         0          0          0          0          0          0   entry8b.o
         8          4          0          0          0          0   entry9a.o
        30          0          0          0          0          0   handlers.o
        36          8          0          0          0         68   init.o
        30          0          0          0          0         68   llshl.o
        32          0          0          0          0         68   llushr.o
        36          0          0          0          0        108   memseta.o
      1204         60          0          0          0        504   printf8.o
         0          0          0          4          0          0   stdout.o
        98          0          0          0          0         92   uldiv.o

    ----------------------------------------------------------------------
      1488         76          0          4          0        908   Library Totals
         2          0          0          0          0          0   (incl. Padding)

    ----------------------------------------------------------------------

      Code (inc. data)   RO Data    RW Data    ZI Data      Debug   Library Name

      1486         76          0          4          0        908   mc_w.l

    ----------------------------------------------------------------------
      1488         76          0          4          0        908   Library Totals

    ----------------------------------------------------------------------

==============================================================================


      Code (inc. data)   RO Data    RW Data    ZI Data      Debug   

     11264        888        336        168      25800     433167   Grand Totals
     11264        888        336        168      25800     433167   ELF Image Totals
     11264        888        336        168          0          0   ROM Totals

==============================================================================

    Total RO  Size (Code + RO Data)                11600 (  11.33kB)
    Total RW  Size (RW Data + ZI Data)             25968 (  25.36kB)
    Total ROM Size (Code + RO Data + RW Data)      11768 (  11.49kB)

==============================================================================

